 dynamorio

 Timestamp is 650c81fa (Thu Sep 21 17:48:42 2023)

 Preferred load address is 71000000

 Start         Length     Name                   Class
 0001:00000000 000b5951H .text$mn                CODE
 0002:00000000 00000210H .idata$5                DATA
 0002:00000210 0005fe40H .rdata                  DATA
 0002:00060050 00006c54H .edata                  DATA
 0002:00066ca4 00000ee8H .rdata$voltmd           DATA
 0002:00067b8c 000001d4H .rdata$zzzdbg           DATA
 0002:00067d60 00000014H .idata$2                DATA
 0002:00067d74 00000014H .idata$3                DATA
 0002:00067d88 00000210H .idata$4                DATA
 0002:00067f98 000009caH .idata$6                DATA
 0003:00000000 0000d000H .data                   DATA
 0003:0000d000 00030be8H .bss                    DATA
 0004:00000000 00000204H .cspdata                DATA
 0005:00000000 000008e2H .fspdata                DATA
 0006:00000000 00004a0cH .nspdata                DATA
 0007:00000000 000000f0H .rsrc$01                DATA
 0007:000000f0 00003bf0H .rsrc$02                DATA

  Address         Publics by Value              Rva+Base       Lib:Object

 0000:00000000       ___arm64x_native_entrypoint 00000000     <absolute>
 0000:00000000       ___guard_check_icall_a64n_fptr 00000000     <absolute>
 0000:00000000       ___x64_code_ranges_to_entry_points_count 00000000     <absolute>
 0000:00000000       ___safe_se_handler_table   00000000     <absolute>
 0000:00000000       ___guard_fids_count        00000000     <absolute>
 0000:00000000       ___guard_longjmp_table     00000000     <absolute>
 0000:00000000       ___guard_longjmp_count     00000000     <absolute>
 0000:00000000       ___arm64x_extra_rfe_table  00000000     <absolute>
 0000:00000000       ___arm64x_redirection_metadata 00000000     <absolute>
 0000:00000000       ___AbsoluteZero            00000000     <absolute>
 0000:00000000       ___hybrid_code_map         00000000     <absolute>
 0000:00000000       ___guard_eh_cont_count     00000000     <absolute>
 0000:00000000       ___arm64x_redirection_metadata_count 00000000     <absolute>
 0000:00000000       ___enclave_config          00000000     <absolute>
 0000:00000000       ___guard_fids_table        00000000     <absolute>
 0000:00000000       ___x64_code_ranges_to_entry_points 00000000     <absolute>
 0000:00000000       ___hybrid_auxiliary_iat    00000000     <absolute>
 0000:00000000       ___arm64x_extra_rfe_table_size 00000000     <absolute>
 0000:00000000       ___guard_eh_cont_table     00000000     <absolute>
 0000:00000000       ___guard_iat_table         00000000     <absolute>
 0000:00000000       ___hybrid_code_map_count   00000000     <absolute>
 0000:00000000       ___safe_se_handler_count   00000000     <absolute>
 0000:00000000       ___dynamic_value_reloc_table 00000000     <absolute>
 0000:00000000       ___hybrid_auxiliary_iat_copy 00000000     <absolute>
 0000:00000000       ___guard_iat_count         00000000     <absolute>
 0000:00000100       ___guard_flags             00000100     <absolute>
 0001:00000250       _check_list_default_and_append 71001250 f   options.c.obj
 0001:00000ce0       _check_param_bounds        71001ce0 f   options.c.obj
 0001:00000d20       _d_r_parse_word            71001d20 f   options.c.obj
 0001:00000df0       _dr_get_integer_option     71001df0 f   options.c.obj
 0001:00000e90       _dr_get_string_option      71001e90 f   options.c.obj
 0001:00000f50       _get_dynamo_options_string 71001f50 f   options.c.obj
 0001:00001010       _get_pcache_dynamo_options_string 71002010 f   options.c.obj
 0001:00001100       _get_process_options       71002100 f   options.c.obj
 0001:000012c0       _has_pcache_dynamo_options 710022c0 f   options.c.obj
 0001:00001390       _os_normalized_sysnum      71002390 f i syscall.c.obj
 0001:00001390       _instr_from_noalloc        71002390 f i options.c.obj
 0001:000013a0       _instr_get_next            710023a0 f i options.c.obj
 0001:000013b0       _instr_get_next_app        710023b0 f i options.c.obj
 0001:000013e0       _instr_get_note            710023e0 f i options.c.obj
 0001:000013f0       _instr_get_prev            710023f0 f i options.c.obj
 0001:00001400       _instr_get_prev_app        71002400 f i options.c.obj
 0001:00001430       _instr_has_allocated_bits  71002430 f i options.c.obj
 0001:00001440       _instr_is_app              71002440 f i options.c.obj
 0001:00001440       _instr_ok_to_mangle        71002440 f i options.c.obj
 0001:00001450       _instr_is_meta             71002450 f i options.c.obj
 0001:00001460       _instr_needs_encoding      71002460 f i options.c.obj
 0001:00001470       _instr_num_dsts            71002470 f i options.c.obj
 0001:00001490       _instr_num_srcs            71002490 f i options.c.obj
 0001:000014b0       _instr_ok_to_emit          710024b0 f i options.c.obj
 0001:000014c0       _instr_operands_valid      710024c0 f i options.c.obj
 0001:000014d0       _instr_raw_bits_valid      710024d0 f i options.c.obj
 0001:000014e0       _instr_set_next            710024e0 f i options.c.obj
 0001:000014f0       _instr_set_note            710024f0 f i options.c.obj
 0001:00001500       _instr_set_prev            71002500 f i options.c.obj
 0001:00001510       _shared_library_error      71002510 f i os.c.obj
 0001:00001510       _opnd_create_null          71002510 f i options.c.obj
 0001:00001520       _opnd_create_pc            71002520 f i options.c.obj
 0001:00001530       _opnd_create_reg           71002530 f i options.c.obj
 0001:00001550       _opnd_create_reg_element_vector 71002550 f i options.c.obj
 0001:00001580       _opnd_create_reg_ex        71002580 f i options.c.obj
 0001:000015d0       _opnd_create_reg_partial   710025d0 f i options.c.obj
 0001:00001600       _opnd_is_element_vector_reg 71002600 f i options.c.obj
 0001:00001620       _opnd_is_far_memory_reference 71002620 f i opnd_shared.c.obj
 0001:00001620       _opnd_is_far_base_disp     71002620 f i options.c.obj
 0001:00001640       _opnd_is_immed             71002640 f i options.c.obj
 0001:00001660       _opnd_is_instr             71002660 f i options.c.obj
 0001:00001680       _opnd_is_near_base_disp    71002680 f i options.c.obj
 0001:000016a0       _opnd_is_pc                710026a0 f i options.c.obj
 0001:000016c0       _reg_is_stolen             710026c0 f i opnd.c.obj
 0001:000016c0       _ignorable_system_call     710026c0 f i syscall.c.obj
 0001:000016c0       _opnd_is_immed_int64       710026c0 f i opnd_shared.c.obj
 0001:000016c0       _os_thread_re_take_over    710026c0 f i os.c.obj
 0001:000016c0       _opnd_is_predicate_merge   710026c0 f i options.c.obj
 0001:000016c0       _parameters_stack_padded   710026c0 f i mangle_shared.c.obj
 0001:000016c0       _opnd_is_predicate_reg     710026c0 f i options.c.obj
 0001:000016c0       _use_cbr_fallthrough_short 710026c0 f i link.c.obj
 0001:000016c0       _instr_is_exclusive_store  710026c0 f i instr.c.obj
 0001:000016c0       _instr_is_exclusive_load   710026c0 f i instr.c.obj
 0001:000016c0       _opnd_is_predicate_zero    710026c0 f i options.c.obj
 0001:000016c0       _opnd_disassemble_arch     710026c0 f i disassemble.c.obj
 0001:000016d0       _options_detach            710026d0 f   options.c.obj
 0001:00001710       _options_exit              71002710 f   options.c.obj
 0001:00001720       _options_init              71002720 f   options.c.obj
 0001:00001780       _options_make_writable     71002780 f   options.c.obj
 0001:000017b0       _options_restore_readonly  710027b0 f   options.c.obj
 0001:00002930       _synchronize_dynamic_options 71003930 f   options.c.obj
 0001:00002be0       _create_callback_dcontext  71003be0 f   dynamo.c.obj
 0001:00002d80       _create_new_dynamo_context 71003d80 f   dynamo.c.obj
 0001:00002e50       _d_r_get_num_threads       71003e50 f   dynamo.c.obj
 0001:00002f10       _dr_app_cleanup            71003f10 f   dynamo.c.obj
 0001:00003010       _dr_app_setup              71004010 f   dynamo.c.obj
 0001:000030b0       _dr_app_setup_and_start    710040b0 f   dynamo.c.obj
 0001:000030d0       _dr_app_start_helper       710040d0 f   dynamo.c.obj
 0001:00003110       _update_all_memory_areas   71004110 f   os.c.obj
 0001:00003110       _unpatch_stub              71004110 f   emit_utils.c.obj
 0001:00003110       _aslr_thread_exit          71004110 f   aslr.c.obj
 0001:00003110       _loader_allow_unsafe_static_behavior 71004110 f   loader_shared.c.obj
 0001:00003110       _check_for_run_once        71004110 f   inject_shared.c.obj
 0001:00003110       _os_tls_exit               71004110 f   os.c.obj
 0001:00003110       _kernel32_redir_exit_proc  71004110 f   kernel32_proc.c.obj
 0001:00003110       _machine_cache_sync        71004110 f   proc.c.obj
 0001:00003110       _loader_pre_client_thread_exit 71004110 f   loader.c.obj
 0001:00003110       _native_module_exit        71004110 f   native_pe.c.obj
 0001:00003110       _d_r_logopnd               71004110 f   instr_shared.c.obj
 0001:00003110       _callback_init             71004110 f   callback.c.obj
 0001:00003110       _advapi32_redir_onload     71004110 f   advapi32_redir.c.obj
 0001:00003110       _d_r_internal_error        71004110 f   drlibc:drlibc_notdr_error.c.obj
 0001:00003110       _os_tls_init               71004110 f   os.c.obj
 0001:00003110       _all_memory_areas_unlock   71004110 f   os.c.obj
 0001:00003110       _proc_set_num_simd_saved   71004110 f   proc.c.obj
 0001:00003110       _perscache_slow_exit       71004110 f   perscache.c.obj
 0001:00003110       _dr_log                    71004110 f   instrument.c.obj
 0001:00003110       _aslr_thread_init          71004110 f   aslr.c.obj
 0001:00003110       _dr_request_synchronized_exit 71004110 f   instrument.c.obj
 0001:00003110       _d_r_loginst               71004110 f   instr_shared.c.obj
 0001:00003110       _native_module_init        71004110 f   native_pe.c.obj
 0001:00003110       _instrument_thread_exit    71004110 f   instrument.c.obj
 0001:00003110       _mangle_arch_init          71004110 f   mangle.c.obj
 0001:00003110       _all_memory_areas_lock     71004110 f   os.c.obj
 0001:00003110       _monitor_thread_reset_init 71004110 f   monitor.c.obj
 0001:00003110       _rpcrt4_redir_onload       71004110 f   rpcrt4_redir.c.obj
 0001:00003110       _instrlist_set_auto_predicate 71004110 f   instrlist.c.obj
 0001:00003110       _os_thread_init_finalize   71004110 f   os.c.obj
 0001:00003110       _os_process_under_dynamorio_complete 71004110 f   os.c.obj
 0001:00003110       _native_module_hook        71004110 f   native_pe.c.obj
 0001:00003110       _synch_init                71004110 f   synch.c.obj
 0001:00003110       _native_module_unhook      71004110 f   native_pe.c.obj
 0001:00003110       _dr_app_stop               71004110 f   dynamo.c.obj
 0001:00003110       _d_r_monitor_init          71004110 f   monitor.c.obj
 0001:00003110       _patch_stub                71004110 f   emit_utils.c.obj
 0001:00003110       _d_r_mutex_mark_as_app     71004110 f   utils.c.obj
 0001:00003110       _os_delete_memory_file     71004110 f   os.c.obj
 0001:00003120       _dr_app_stop_and_cleanup   71004120 f   dynamo.c.obj
 0001:00003130       _dr_app_stop_and_cleanup_with_stats 71004130 f   dynamo.c.obj
 0001:00003170       _dynamo_exit_post_detach   71004170 f   dynamo.c.obj
 0001:000031d0       _dynamo_other_thread_exit  710041d0 f   dynamo.c.obj
 0001:000034e0       _dynamo_process_exit       710044e0 f   dynamo.c.obj
 0001:00003870       _dynamo_process_exit_with_thread_info 71004870 f   dynamo.c.obj
 0001:00003880       _dynamo_shared_exit        71004880 f   dynamo.c.obj
 0001:00003df0       _dynamo_thread_exit        71004df0 f   dynamo.c.obj
 0001:00004100       _dynamo_thread_exit_pre_client 71005100 f   dynamo.c.obj
 0001:00004130       _dynamo_thread_init        71005130 f   dynamo.c.obj
 0001:00004620       _dynamo_thread_not_under_dynamo 71005620 f   dynamo.c.obj
 0001:00004640       _dynamo_thread_stack_free_and_exit 71005640 f   dynamo.c.obj
 0001:00004680       _dynamo_thread_under_dynamo 71005680 f   dynamo.c.obj
 0001:000046a0       _dynamorio_app_exit        710056a0 f   dynamo.c.obj
 0001:000046b0       _dynamorio_app_init        710056b0 f   dynamo.c.obj
 0001:00004790       _dynamorio_app_init_and_early_takeover 71005790 f   dynamo.c.obj
 0001:000047c0       _dynamorio_app_init_part_two_finalize 710057c0 f   dynamo.c.obj
 0001:00004b40       _dynamorio_app_take_over_helper 71005b40 f   dynamo.c.obj
 0001:00004cd0       _dynamorio_earliest_init_takeover_C 71005cd0 f   dynamo.c.obj
 0001:00004e90       _dynamorio_take_over_threads 71005e90 f   dynamo.c.obj
 0001:00005070       _entering_dynamorio        71006070 f   dynamo.c.obj
 0001:00005200       _exiting_dynamorio         71006200 f   dynamo.c.obj
 0001:000053b0       _get_dr_stats              710063b0 f   dynamo.c.obj
 0001:000053c0       _get_list_of_threads       710063c0 f   dynamo.c.obj
 0001:00005450       _get_thread_num            71006450 f   dynamo.c.obj
 0001:00005470       _initialize_dynamo_context 71006470 f   dynamo.c.obj
 0001:00005550       _is_currently_on_dstack    71006550 f   dynamo.c.obj
 0001:00005580       _is_last_app_thread        71006580 f   dynamo.c.obj
 0001:00005590       _is_on_dstack              71006590 f   dynamo.c.obj
 0001:000055c0       _is_on_initstack           710065c0 f   dynamo.c.obj
 0001:000055e0       _is_thread_initialized     710065e0 f   dynamo.c.obj
 0001:000055f0       _is_thread_known           710065f0 f   dynamo.c.obj
 0001:00005610       _pre_second_thread         71006610 f   dynamo.c.obj
 0001:000056f0       _protect_data_section      710066f0 f   dynamo.c.obj
 0001:00005840       _remove_thread             71006840 f   dynamo.c.obj
 0001:000058e0       _standalone_exit           710068e0 f   dynamo.c.obj
 0001:00005950       _standalone_init           71006950 f   dynamo.c.obj
 0001:000061d0       _thread_lookup             710071d0 f   dynamo.c.obj
 0001:00006460       _coarse_is_trace_head_in_own_unit 71007460 f   fragment.c.obj
 0001:000067f0       _enter_couldbelinking      710077f0 f   fragment.c.obj
 0001:00006890       _enter_nolinking           71007890 f   fragment.c.obj
 0001:00006a10       _enter_threadexit          71007a10 f   fragment.c.obj
 0001:00006a80       _flush_fragments_and_remove_region 71007a80 f   fragment.c.obj
 0001:00006ac0       _flush_fragments_end_synch 71007ac0 f   fragment.c.obj
 0001:00006dd0       _flush_fragments_from_region 71007dd0 f   fragment.c.obj
 0001:00006e10       _flush_fragments_in_region_finish 71007e10 f   fragment.c.obj
 0001:00006fe0       _flush_fragments_in_region_start 71007fe0 f   fragment.c.obj
 0001:00007300       _flush_fragments_synch_unlink_priv 71008300 f   fragment.c.obj
 0001:00007910       _flush_fragments_unlink_shared 71008910 f   fragment.c.obj
 0001:000079e0       _flush_invalidate_ibl_shared_target 710089e0 f   fragment.c.obj
 0001:00007a50       _fragment_add              71008a50 f   fragment.c.obj
 0001:00007af0       _fragment_add_ibl_target   71008af0 f   fragment.c.obj
 0001:00007d90       _fragment_body_end_pc      71008d90 f   fragment.c.obj
 0001:00007f00       _fragment_coarse_add       71008f00 f   fragment.c.obj
 0001:00007f50       _fragment_coarse_create_entry_pclookup_table 71008f50 f   fragment.c.obj
 0001:000082b0       _fragment_coarse_entry_pclookup 710092b0 f   fragment.c.obj
 0001:00008620       _fragment_coarse_free_entry_pclookup_table 71009620 f   fragment.c.obj
 0001:00008650       _fragment_coarse_htable_create 71009650 f   fragment.c.obj
 0001:00008750       _fragment_coarse_htable_free 71009750 f   fragment.c.obj
 0001:000087c0       _fragment_coarse_htable_merge 710097c0 f   fragment.c.obj
 0001:00008a50       _fragment_coarse_htable_persist 71009a50 f   fragment.c.obj
 0001:00008aa0       _fragment_coarse_htable_persist_size 71009aa0 f   fragment.c.obj
 0001:00008ad0       _fragment_coarse_htable_resurrect 71009ad0 f   fragment.c.obj
 0001:00008bb0       _fragment_coarse_lookup    71009bb0 f   fragment.c.obj
 0001:00008d90       _fragment_coarse_lookup_in_unit 71009d90 f   fragment.c.obj
 0001:00008e70       _fragment_coarse_lookup_wrapper 71009e70 f   fragment.c.obj
 0001:00008ed0       _fragment_coarse_num_entries 71009ed0 f   fragment.c.obj
 0001:00008ee0       _fragment_coarse_pclookup  71009ee0 f   fragment.c.obj
 0001:00009450       _fragment_coarse_replace   7100a450 f   fragment.c.obj
 0001:00009520       _fragment_coarse_th_add    7100a520 f   fragment.c.obj
 0001:000095c0       _fragment_coarse_th_unlink_and_add 7100a5c0 f   fragment.c.obj
 0001:00009640       _fragment_coarse_unit_freeze 7100a640 f   fragment.c.obj
 0001:00009840       _fragment_coarse_wrapper   7100a840 f   fragment.c.obj
 0001:00009880       _fragment_copy_data_fields 7100a880 f   fragment.c.obj
 0001:000098f0       _fragment_create           7100a8f0 f   fragment.c.obj
 0001:00009a20       _fragment_create_and_add_future 7100aa20 f   fragment.c.obj
 0001:00009ba0       _fragment_delete           7100aba0 f   fragment.c.obj
 0001:00009da0       _fragment_delete_future    7100ada0 f   fragment.c.obj
 0001:00009f60       _fragment_exit             7100af60 f   fragment.c.obj
 0001:0000a390       _fragment_exit_post_sideline 7100b390 f   fragment.c.obj
 0001:0000a3a0       _fragment_free             7100b3a0 f   fragment.c.obj
 0001:0000a580       _fragment_get_fragment_delete_mutex 7100b580 f   fragment.c.obj
 0001:0000a5b0       _fragment_init             7100b5b0 f   fragment.c.obj
 0001:0000a790       _fragment_initialized      7100b790 f   fragment.c.obj
 0001:0000a7b0       _fragment_lookup           7100b7b0 f   fragment.c.obj
 0001:0000a8b0       _fragment_lookup_bb        7100b8b0 f   fragment.c.obj
 0001:0000a930       _fragment_lookup_fine_and_coarse 7100b930 f   fragment.c.obj
 0001:0000aa80       _fragment_lookup_fine_and_coarse_sharing 7100ba80 f   fragment.c.obj
 0001:0000ab30       _fragment_lookup_future    7100bb30 f   fragment.c.obj
 0001:0000ac00       _fragment_lookup_private_future 7100bc00 f   fragment.c.obj
 0001:0000ac30       _fragment_lookup_same_sharing 7100bc30 f   fragment.c.obj
 0001:0000ac50       _fragment_lookup_shared_bb 7100bc50 f   fragment.c.obj
 0001:0000aca0       _fragment_lookup_trace     7100bca0 f   fragment.c.obj
 0001:0000ae50       _fragment_output           7100be50 f   fragment.c.obj
 0001:0000aec0       _fragment_overlaps         7100bec0 f   fragment.c.obj
 0001:0000af90       _fragment_pclookup         7100bf90 f   fragment.c.obj
 0001:0000afa0       _fragment_pclookup_with_linkstubs 7100bfa0 f   fragment.c.obj
 0001:0000aff0       _fragment_prepare_for_removal 7100bff0 f   fragment.c.obj
 0001:0000b200       _fragment_record_translation_info 7100c200 f   fragment.c.obj
 0001:0000b290       _fragment_recreate_with_linkstubs 7100c290 f   fragment.c.obj
 0001:0000b470       _fragment_release_fragment_delete_mutex 7100c470 f   fragment.c.obj
 0001:0000b4a0       _fragment_remove           7100c4a0 f   fragment.c.obj
 0001:0000b5c0       _fragment_remove_all_ibl_in_region 7100c5c0 f   fragment.c.obj
 0001:0000b640       _fragment_remove_from_ibt_tables 7100c640 f   fragment.c.obj
 0001:0000b950       _fragment_remove_shared_no_flush 7100c950 f   fragment.c.obj
 0001:0000ba70       _fragment_replace          7100ca70 f   fragment.c.obj
 0001:0000bc80       _fragment_reset_free       7100cc80 f   fragment.c.obj
 0001:0000be30       _fragment_reset_init       7100ce30 f   fragment.c.obj
 0001:0000c090       _fragment_self_write       7100d090 f   fragment.c.obj
 0001:0000c120       _fragment_shift_fcache_pointers 7100d120 f   fragment.c.obj
 0001:0000c320       _fragment_stubs_end_pc     7100d320 f   fragment.c.obj
 0001:0000c350       _fragment_thread_exit      7100d350 f   fragment.c.obj
 0001:0000c4d0       _fragment_thread_exited    7100d4d0 f   fragment.c.obj
 0001:0000c4f0       _fragment_thread_init      7100d4f0 f   fragment.c.obj
 0001:0000c5f0       _fragment_thread_reset_free 7100d5f0 f   fragment.c.obj
 0001:0000c650       _fragment_thread_reset_init 7100d650 f   fragment.c.obj
 0001:0000ca20       _fragment_unlink_for_deletion 7100da20 f   fragment.c.obj
 0001:0000ca90       _fragment_update_ibl_tables 7100da90 f   fragment.c.obj
 0001:0000cab0       _get_at_syscall            7100dab0 f   fragment.c.obj
 0001:0000cad0       _get_flushtime_last_update 7100dad0 f   fragment.c.obj
 0001:0000caf0       _get_fragment_coarse_info  7100daf0 f   fragment.c.obj
 0001:0000eae0       _increment_global_flushtime 7100fae0 f   fragment.c.obj
 0001:0000eb50       _invalidate_code_cache     7100fb50 f   fragment.c.obj
 0001:0000eb80       _is_couldbelinking         7100fb80 f   fragment.c.obj
 0001:0000ebb0       _is_self_allsynch_flushing 7100fbb0 f   fragment.c.obj
 0001:0000ebd0       _is_self_couldbelinking    7100fbd0 f   fragment.c.obj
 0001:0000ec00       _is_self_flushing          7100fc00 f   fragment.c.obj
 0001:0000f560       _set_at_syscall            71010560 f   fragment.c.obj
 0001:0000f580       _set_flushtime_last_update 71010580 f   fragment.c.obj
 0001:000102b0       _coarse_frozen_cache_size  710112b0 f   fcache.c.obj
 0001:00010360       _fcache_add_fragment       71011360 f   fcache.c.obj
 0001:00010b90       _fcache_change_fragment_protection 71011b90 f   fcache.c.obj
 0001:00010c20       _fcache_check_option_compatibility 71011c20 f   fcache.c.obj
 0001:000110f0       _fcache_coarse_cache_delete 710120f0 f   fcache.c.obj
 0001:00011120       _fcache_coarse_init_frozen 71012120 f   fcache.c.obj
 0001:00011170       _fcache_coarse_set_info    71012170 f   fcache.c.obj
 0001:000114a0       _fcache_exit               710124a0 f   fcache.c.obj
 0001:00011610       _fcache_flush_pending_units 71012610 f   fcache.c.obj
 0001:00011a10       _fcache_fragment_pclookup  71012a10 f   fcache.c.obj
 0001:00011b70       _fcache_free_pending_units 71012b70 f   fcache.c.obj
 0001:00012420       _fcache_init               71013420 f   fcache.c.obj
 0001:00012510       _fcache_is_flush_pending   71013510 f   fcache.c.obj
 0001:00012520       _fcache_is_writable        71013520 f   fcache.c.obj
 0001:00012540       _fcache_low_on_memory      71013540 f   fcache.c.obj
 0001:000126a0       _fcache_profile_exit       710136a0 f   fcache.c.obj
 0001:000128b0       _fcache_refine_whereami    710138b0 f   fcache.c.obj
 0001:00012950       _fcache_remove_fragment    71013950 f   fcache.c.obj
 0001:00012aa0       _fcache_reset_all_caches_proactively 71013aa0 f   fcache.c.obj
 0001:00012f50       _fcache_return_extra_space 71013f50 f   fcache.c.obj
 0001:00013950       _fcache_shift_start_pc     71014950 f   fcache.c.obj
 0001:00013a00       _fcache_thread_exit        71014a00 f   fcache.c.obj
 0001:00013a10       _fcache_thread_init        71014a10 f   fcache.c.obj
 0001:00014190       _get_fcache_coarse_info    71015190 f   fcache.c.obj
 0001:000141c0       _in_fcache                 710151c0 f   fcache.c.obj
 0001:000149d0       _schedule_reset            710159d0 f   fcache.c.obj
 0001:00014da0       _coarse_deref_ibl_prefix   71015da0 f   link.c.obj
 0001:00014dd0       _coarse_frozen_stub_size   71015dd0 f   link.c.obj
 0001:00014f20       _coarse_lazy_link          71015f20 f   link.c.obj
 0001:000153b0       _coarse_mark_trace_head    710163b0 f   link.c.obj
 0001:00015540       _coarse_remove_outgoing    71016540 f   link.c.obj
 0001:00015680       _coarse_indirect_stub_size 71016680 f   emit_utils_shared.c.obj
 0001:00015680       _coarse_stub_alignment     71016680 f   link.c.obj
 0001:00015690       _coarse_stubs_create       71016690 f   link.c.obj
 0001:00015700       _coarse_stubs_delete       71016700 f   link.c.obj
 0001:000157c0       _coarse_stubs_set_end_pc   710167c0 f   link.c.obj
 0001:000157e0       _coarse_stubs_set_info     710167e0 f   link.c.obj
 0001:00015800       _coarse_unit_shift_links   71016800 f   link.c.obj
 0001:000159f0       _coarse_unit_unlink        710169f0 f   link.c.obj
 0001:00015c60       _coarse_unit_unlink_outgoing 71016c60 f   link.c.obj
 0001:00015d50       _coarse_update_outgoing    71016d50 f   link.c.obj
 0001:00015f10       _d_r_link_exit             71016f10 f   link.c.obj
 0001:00015f50       _d_r_link_init             71016f50 f   link.c.obj
 0001:00015fe0       _fcache_return_coarse_prefix 71016fe0 f   link.c.obj
 0001:00016010       _get_asynch_linkstub       71017010 f   link.c.obj
 0001:00016020       _get_client_linkstub       71017020 f   link.c.obj
 0001:00016030       _get_coarse_exit_linkstub  71017030 f   link.c.obj
 0001:00016040       _get_coarse_ibl_prefix     71017040 f   link.c.obj
 0001:00016080       _get_coarse_trace_head_exit_linkstub 71017080 f   link.c.obj
 0001:00016090       _get_deleted_linkstub      71017090 f   link.c.obj
 0001:000160a0       _get_ibl_deleted_linkstub  710170a0 f   link.c.obj
 0001:000160b0       _get_ibl_sourceless_linkstub 710170b0 f   link.c.obj
 0001:00016110       _get_last_linkstub_ordinal 71017110 f   link.c.obj
 0001:00016120       _get_native_exec_linkstub  71017120 f   link.c.obj
 0001:00016130       _get_native_exec_syscall_linkstub 71017130 f   link.c.obj
 0001:00016140       _get_reset_linkstub        71017140 f   link.c.obj
 0001:00016150       _get_selfmod_linkstub      71017150 f   link.c.obj
 0001:00016160       _get_shared_syscalls_bb_linkstub 71017160 f   link.c.obj
 0001:00016170       _get_shared_syscalls_trace_linkstub 71017170 f   link.c.obj
 0001:00016180       _get_shared_syscalls_unlinked_linkstub 71017180 f   link.c.obj
 0001:00016190       _get_special_ibl_linkstub  71017190 f   link.c.obj
 0001:000161d0       _get_starting_linkstub     710171d0 f   link.c.obj
 0001:000161e0       _get_stub_coarse_info      710171e0 f   link.c.obj
 0001:00016200       _get_syscall_linkstub      71017200 f   link.c.obj
 0001:00016210       _in_coarse_stub_prefixes   71017210 f   link.c.obj
 0001:00016250       _in_coarse_stubs           71017250 f   link.c.obj
 0001:000163a0       _incoming_remove_fragment  710173a0 f   link.c.obj
 0001:00016670       _is_ibl_sourceless_linkstub 71017670 f   link.c.obj
 0001:000166b0       _is_linkable               710176b0 f   link.c.obj
 0001:00016750       _last_exit_deleted         71017750 f   link.c.obj
 0001:00016aa0       _link_fragment_incoming    71017aa0 f   link.c.obj
 0001:00016bf0       _link_fragment_outgoing    71017bf0 f   link.c.obj
 0001:00017270       _link_new_fragment         71018270 f   link.c.obj
 0001:00017310       _link_reset_free           71018310 f   link.c.obj
 0001:00017330       _link_reset_init           71018330 f   link.c.obj
 0001:00017360       _link_thread_exit          71018360 f   link.c.obj
 0001:00017380       _link_thread_init          71018380 f   link.c.obj
 0001:000173c0       _linkstub_frag_offs_at_end 710183c0 f   link.c.obj
 0001:00017400       _linkstub_fragment         71018400 f   link.c.obj
 0001:00017570       _linkstub_free_exitstubs   71018570 f   link.c.obj
 0001:000176b0       _linkstub_propagatable_flags 710186b0 f   link.c.obj
 0001:000176d0       _linkstub_shares_next_stub 710186d0 f   link.c.obj
 0001:00017850       _linkstub_size             71018850 f   link.c.obj
 0001:000178c0       _linkstubs_heap_size       710188c0 f   link.c.obj
 0001:00017910       _linkstubs_init            71018910 f   link.c.obj
 0001:000179b0       _linkstubs_shift           710189b0 f   link.c.obj
 0001:00017a50       _local_exit_stub_size      71018a50 f   link.c.obj
 0001:00017ac0       _separate_stub_create      71018ac0 f   link.c.obj
 0001:00017c30       _set_coarse_ibl_exit       71018c30 f   link.c.obj
 0001:00017cc0       _set_last_exit             71018cc0 f   link.c.obj
 0001:00017cf0       _shift_links_to_new_fragment 71018cf0 f   link.c.obj
 0001:000186b0       _should_separate_stub      710196b0 f   link.c.obj
 0001:00018720       _trace_head_return_coarse_prefix 71019720 f   link.c.obj
 0001:00018a60       _unlink_fragment_incoming  71019a60 f   link.c.obj
 0001:00018b80       _unlink_fragment_outgoing  71019b80 f   link.c.obj
 0001:00018c60       _d_r_dispatch              71019c60 f   dispatch.c.obj
 0001:0001abf0       _handle_system_call        7101bbf0 f   dispatch.c.obj
 0001:0001afe0       _is_stopping_point         7101bfe0 f   dispatch.c.obj
 0001:0001b030       _issue_last_system_call_from_app 7101c030 f   dispatch.c.obj
 0001:0001b1a0       _transfer_to_dispatch      7101c1a0 f   dispatch.c.obj
 0001:0001b220       _emit_fragment             7101c220 f   emit.c.obj
 0001:0001b250       _emit_fragment_as_replacement 7101c250 f   emit.c.obj
 0001:0001bd80       _emit_fragment_ex          7101cd80 f   emit.c.obj
 0001:0001bdb0       _emit_invisible_fragment   7101cdb0 f   emit.c.obj
 0001:0001bde0       _final_exit_shares_prev_stub 7101cde0 f   emit.c.obj
 0001:0001be70       _set_linkstub_fields       7101ce70 f   emit.c.obj
 0001:0001c7f0       _acquire_recursive_app_lock 7101d7f0 f   utils.c.obj
 0001:0001c830       _acquire_recursive_lock    7101d830 f   utils.c.obj
 0001:0001c870       _bitmap_allocate_blocks    7101d870 f   utils.c.obj
 0001:0001ca30       _bitmap_free_blocks        7101da30 f   utils.c.obj
 0001:0001ca60       _bitmap_initialize_free    7101da60 f   utils.c.obj
 0001:0001ca80       _check_filter              7101da80 f   utils.c.obj
 0001:0001cbb0       _check_filter_with_wildcards 7101dbb0 f   utils.c.obj
 0001:0001cbd0       _check_low_disk_threshold  7101dbd0 f   utils.c.obj
 0001:0001cc30       _close_log_file            7101dc30 f   utils.c.obj
 0001:0001cc50       _convert_date_to_millis    7101dc50 f   utils.c.obj
 0001:0001cd30       _convert_millis_to_date    7101dd30 f   utils.c.obj
 0001:0001d030       _create_log_dir            7101e030 f   utils.c.obj
 0001:0001d410       _d_r_crc32                 7101e410 f   utils.c.obj
 0001:0001d440       _d_r_get_random_seed       7101e440 f   utils.c.obj
 0001:0001d450       _d_r_md5_final             7101e450 f   utils.c.obj
 0001:0001d570       _d_r_md5_init              7101e570 f   utils.c.obj
 0001:0001d5a0       _d_r_md5_update            7101e5a0 f   utils.c.obj
 0001:0001d660       _d_r_mutex_delete          7101e660 f   utils.c.obj
 0001:0001d660       _spinmutex_delete          7101e660 f   utils.c.obj
 0001:0001d680       _d_r_mutex_lock            7101e680 f   utils.c.obj
 0001:0001d690       _d_r_mutex_lock_app        7101e690 f   utils.c.obj
 0001:0001d6e0       _d_r_mutex_trylock         7101e6e0 f   utils.c.obj
 0001:0001d700       _d_r_mutex_unlock          7101e700 f   utils.c.obj
 0001:0001d720       _d_r_notify                7101e720 f   utils.c.obj
 0001:0001d800       _d_r_read_lock             7101e800 f   utils.c.obj
 0001:0001d8c0       _d_r_read_unlock           7101e8c0 f   utils.c.obj
 0001:0001d900       _d_r_set_random_seed       7101e900 f   utils.c.obj
 0001:0001d910       _d_r_write_lock            7101e910 f   utils.c.obj
 0001:0001d970       _d_r_write_trylock         7101e970 f   utils.c.obj
 0001:0001d9c0       _d_r_write_unlock          7101e9c0 f   utils.c.obj
 0001:0001da20       _divide_uint64_print       7101ea20 f   utils.c.obj
 0001:0001dac0       _do_file_write             7101eac0 f   utils.c.obj
 0001:0001db60       _double_print              7101eb60 f   utils.c.obj
 0001:0001dc10       _double_strchr             7101ec10 f   utils.c.obj
 0001:0001dc40       _dr_strdup                 7101ec40 f   utils.c.obj
 0001:0001dc80       _dr_strfree                7101ec80 f   utils.c.obj
 0001:0001dcb0       _dr_wstrdup                7101ecb0 f   utils.c.obj
 0001:0001ddc0       _dump_buffer_as_bytes      7101edc0 f   utils.c.obj
 0001:0001e110       _dump_global_rstats_to_stderr 7101f110 f   utils.c.obj
 0001:0001e6c0       _external_error            7101f6c0 f   utils.c.obj
 0001:0001e780       _get_log_dir               7101f780 f   utils.c.obj
 0001:0001e860       _get_random_offset         7101f860 f   utils.c.obj
 0001:0001e910       _get_short_name            7101f910 f   utils.c.obj
 0001:0001e930       _get_unique_logfile        7101f930 f   utils.c.obj
 0001:0001eb00       _hash_value                7101fb00 f   utils.c.obj
 0001:0001eba0       _hashtable_num_bits        7101fba0 f   utils.c.obj
 0001:0001ebc0       _is_readable_without_exception_try 7101fbc0 f   utils.c.obj
 0001:0001ec50       _is_string_readable_without_exception 7101fc50 f   utils.c.obj
 0001:0001ed50       _md5_digests_equal         7101fd50 f   utils.c.obj
 0001:0001ed80       _module_digests_equal      7101fd80 f   utils.c.obj
 0001:0001edf0       _open_log_file             7101fdf0 f   utils.c.obj
 0001:0001f020       _our_wcsnlen               71020020 f   utils.c.obj
 0001:0001f040       _print_file                71020040 f   utils.c.obj
 0001:0001f060       _print_to_buffer           71020060 f   utils.c.obj
 0001:0001f080       _print_version_and_app_info 71020080 f   utils.c.obj
 0001:0001f0f0       _print_xml_cdata           710200f0 f   utils.c.obj
 0001:0001f1a0       _region_intersection       710201a0 f   utils.c.obj
 0001:0001f1e0       _release_recursive_lock    710201e0 f   utils.c.obj
 0001:0001f210       _report_app_problem        71020210 f   utils.c.obj
 0001:0001f320       _report_dynamorio_problem  71020320 f   utils.c.obj
 0001:0001f690       _safe_write_try_except     71020690 f   utils.c.obj
 0001:0001f7c0       _self_owns_recursive_lock  710207c0 f   utils.c.obj
 0001:0001f7e0       _self_owns_write_lock      710207e0 f   utils.c.obj
 0001:0001f800       _set_display_version       71020800 f   utils.c.obj
 0001:0001f870       _set_exception_strings     71020870 f   utils.c.obj
 0001:0001f960       _spinmutex_lock            71020960 f   utils.c.obj
 0001:0001f990       _spinmutex_lock_no_yield   71020990 f   utils.c.obj
 0001:0001f9c0       _spinmutex_trylock         710209c0 f   utils.c.obj
 0001:0001f9e0       _spinmutex_unlock          710209e0 f   utils.c.obj
 0001:0001f9f0       _stats_get_snapshot        710209f0 f   utils.c.obj
 0001:0001fb30       _str_case_prefix           71020b30 f   utils.c.obj
 0001:0001fb80       _try_recursive_lock        71020b80 f   utils.c.obj
 0001:0001fbd0       _utils_exit                71020bd0 f   utils.c.obj
 0001:0001fc50       _utils_init                71020c50 f   utils.c.obj
 0001:0001fdc0       _config_heap_exit          71020dc0 f   config.c.obj
 0001:0001fe10       _config_heap_init          71020e10 f   config.c.obj
 0001:000200b0       _d_r_config_exit           710210b0 f   config.c.obj
 0001:000200e0       _d_r_config_init           710210e0 f   config.c.obj
 0001:00020110       _d_r_get_parameter         71021110 f   config.c.obj
 0001:00020130       _get_config_val            71021130 f   config.c.obj
 0001:00020180       _get_config_val_other_app  71021180 f   config.c.obj
 0001:00020290       _get_parameter_ex          71021290 f   config.c.obj
 0001:00020440       _my_getenv                 71021440 f   config.c.obj
 0001:00020e40       _kstat_exit                71021e40 f   stats.c.obj
 0001:00020ea0       _kstat_init                71021ea0 f   stats.c.obj
 0001:000222b0       _kstat_thread_exit         710232b0 f   stats.c.obj
 0001:00022500       _kstat_thread_init         71023500 f   stats.c.obj
 0001:00022980       _alloc_landing_pad         71023980 f   heap.c.obj
 0001:00023180       _d_r_heap_exit             71024180 f   heap.c.obj
 0001:000234e0       _d_r_heap_init             710244e0 f   heap.c.obj
 0001:000236b0       _d_r_map_file              710246b0 f   heap.c.obj
 0001:00023700       _d_r_unmap_file            71024700 f   heap.c.obj
 0001:00023b00       _global_heap_alloc         71024b00 f   heap.c.obj
 0001:00023b30       _global_heap_free          71024b30 f   heap.c.obj
 0001:00023ba0       _global_heap_realloc       71024ba0 f   heap.c.obj
 0001:00023c70       _global_unprotected_heap_alloc 71024c70 f   heap.c.obj
 0001:00023c90       _global_unprotected_heap_free 71024c90 f   heap.c.obj
 0001:00023d10       _heap_alloc                71024d10 f   heap.c.obj
 0001:00023d60       _heap_check_option_compatibility 71024d60 f   heap.c.obj
 0001:00023f80       _heap_free                 71024f80 f   heap.c.obj
 0001:00024250       _heap_mmap                 71025250 f   heap.c.obj
 0001:00024270       _heap_mmap_ex              71025270 f   heap.c.obj
 0001:000242a0       _heap_mmap_extend_commitment 710252a0 f   heap.c.obj
 0001:00024310       _heap_mmap_reserve         71025310 f   heap.c.obj
 0001:00024330       _heap_mmap_reserve_post_stack 71025330 f   heap.c.obj
 0001:00024550       _heap_mmap_retract_commitment 71025550 f   heap.c.obj
 0001:000245b0       _heap_munmap               710255b0 f   heap.c.obj
 0001:000245d0       _heap_munmap_ex            710255d0 f   heap.c.obj
 0001:000245f0       _heap_munmap_post_stack    710255f0 f   heap.c.obj
 0001:00024660       _heap_post_exit            71025660 f   heap.c.obj
 0001:00024670       _heap_reachable_alloc      71025670 f   heap.c.obj
 0001:000246e0       _heap_reachable_free       710256e0 f   heap.c.obj
 0001:000246f0       _heap_reset_free           710256f0 f   heap.c.obj
 0001:000247b0       _heap_reset_init           710257b0 f   heap.c.obj
 0001:00024800       _heap_thread_exit          71025800 f   heap.c.obj
 0001:00024950       _heap_thread_init          71025950 f   heap.c.obj
 0001:00024a90       _heap_thread_reset_free    71025a90 f   heap.c.obj
 0001:00024ab0       _heap_thread_reset_init    71025ab0 f   heap.c.obj
 0001:00024b40       _heap_vmareas_synch_units  71025b40 f   heap.c.obj
 0001:00024e60       _is_stack_overflow         71025e60 f   heap.c.obj
 0001:00024ec0       _is_vmm_reserved_address   71025ec0 f   heap.c.obj
 0001:00024fc0       _landing_pads_to_executable_areas 71025fc0 f   heap.c.obj
 0001:00025080       _local_heap_protected      71026080 f   heap.c.obj
 0001:000250c0       _lockwise_safe_to_allocate_memory 710260c0 f   heap.c.obj
 0001:000250e0       _nonpersistent_heap_alloc  710260e0 f   heap.c.obj
 0001:00025120       _nonpersistent_heap_free   71026120 f   heap.c.obj
 0001:000251c0       _print_vmm_heap_data       710261c0 f   heap.c.obj
 0001:00025230       _protect_global_heap       71026230 f   heap.c.obj
 0001:000252d0       _protect_local_heap        710262d0 f   heap.c.obj
 0001:00025750       _special_heap_alloc        71026750 f   heap.c.obj
 0001:00025760       _special_heap_calloc       71026760 f   heap.c.obj
 0001:00025980       _special_heap_cfree        71026980 f   heap.c.obj
 0001:00025c50       _special_heap_exit         71026c50 f   heap.c.obj
 0001:00025e90       _special_heap_free         71026e90 f   heap.c.obj
 0001:00025f50       _special_heap_init         71026f50 f   heap.c.obj
 0001:00026140       _special_heap_iterator_hasnext 71027140 f   heap.c.obj
 0001:00026150       _special_heap_iterator_next 71027150 f   heap.c.obj
 0001:000261a0       _special_heap_iterator_start 710271a0 f   heap.c.obj
 0001:000261d0       _special_heap_iterator_stop 710271d0 f   heap.c.obj
 0001:000261f0       _special_heap_pclookup_init 710271f0 f   heap.c.obj
 0001:00026230       _special_heap_profile_exit 71027230 f   heap.c.obj
 0001:00026300       _special_heap_set_unit_end 71027300 f   heap.c.obj
 0001:00026330       _special_heap_set_vector_data 71027330 f   heap.c.obj
 0001:00026360       _stack_alloc               71027360 f   heap.c.obj
 0001:00026460       _stack_free                71027460 f   heap.c.obj
 0001:00026690       _trim_landing_pad          71027690 f   heap.c.obj
 0001:000267c0       _vmcode_get_end            710277c0 f   heap.c.obj
 0001:000267e0       _vmcode_get_executable_addr 710277e0 f   heap.c.obj
 0001:00026820       _vmcode_get_start          71027820 f   heap.c.obj
 0001:00026830       _vmcode_get_writable_addr  71027830 f   heap.c.obj
 0001:00026860       _vmcode_unreachable_pc     71027860 f   heap.c.obj
 0001:00026b90       _vmm_heap_exit             71027b90 f   heap.c.obj
 0001:00026d50       _vmm_heap_handle_pending_low_on_memory_event_trigger 71027d50 f   heap.c.obj
 0001:00026d90       _vmm_heap_init             71027d90 f   heap.c.obj
 0001:00027d70       _cur_trace_vmlist          71028d70 f   monitor.c.obj
 0001:00027d80       _d_r_monitor_exit          71028d80 f   monitor.c.obj
 0001:00028740       _is_building_trace         71029740 f   monitor.c.obj
 0001:000288c0       _mangle_trace_at_end       710298c0 f   monitor.c.obj
 0001:000288e0       _mark_trace_head           710298e0 f   monitor.c.obj
 0001:00028b20       _monitor_cache_enter       71029b20 f   monitor.c.obj
 0001:00029ab0       _monitor_cache_exit        7102aab0 f   monitor.c.obj
 0001:00029b60       _monitor_delete_would_abort_trace 7102ab60 f   monitor.c.obj
 0001:00029ba0       _monitor_is_linkable       7102aba0 f   monitor.c.obj
 0001:00029c20       _monitor_remove_fragment   7102ac20 f   monitor.c.obj
 0001:00029c90       _monitor_thread_exit       7102ac90 f   monitor.c.obj
 0001:00029ca0       _monitor_thread_init       7102aca0 f   monitor.c.obj
 0001:00029d10       _trace_abort_and_delete    7102ad10 f   monitor.c.obj
 0001:00029d10       _monitor_thread_reset_free 7102ad10 f   monitor.c.obj
 0001:00029e80       _should_be_trace_head      7102ae80 f   monitor.c.obj
 0001:0002a070       _thcounter_range_remove    7102b070 f   monitor.c.obj
 0001:0002a0a0       _trace_abort               7102b0a0 f   monitor.c.obj
 0001:0002a2c0       _acquire_vm_areas_lock     7102b2c0 f   vmareas.c.obj
 0001:0002a300       _acquire_vm_areas_lock_if_not_already 7102b300 f   vmareas.c.obj
 0001:0002a360       _add_dynamo_heap_vm_area   7102b360 f   vmareas.c.obj
 0001:0002a3a0       _add_dynamo_vm_area        7102b3a0 f   vmareas.c.obj
 0001:0002a420       _add_executable_region     7102b420 f   vmareas.c.obj
 0001:0002a850       _add_to_lazy_deletion_list 7102b850 f   vmareas.c.obj
 0001:0002b0e0       _app_memory_allocation     7102c0e0 f   vmareas.c.obj
 0001:0002b280       _app_memory_deallocation   7102c280 f   vmareas.c.obj
 0001:0002b2e0       _app_memory_pre_alloc      7102c2e0 f   vmareas.c.obj
 0001:0002b3d0       _app_memory_protection_change 7102c3d0 f   vmareas.c.obj
 0001:0002b940       _check_in_last_thread_vm_area 7102c940 f   vmareas.c.obj
 0001:0002bad0       _check_thread_vm_area      7102cad0 f   vmareas.c.obj
 0001:0002c700       _check_thread_vm_area_abort 7102d700 f   vmareas.c.obj
 0001:0002c840       _dynamo_vm_area_overlap    7102d840 f   vmareas.c.obj
 0001:0002c890       _dynamo_vm_areas_exit      7102d890 f   vmareas.c.obj
 0001:0002c8c0       _dynamo_vm_areas_init      7102d8c0 f   vmareas.c.obj
 0001:0002c940       _dynamo_vm_areas_lock      7102d940 f   vmareas.c.obj
 0001:0002ca60       _dynamo_vm_areas_unlock    7102da60 f   vmareas.c.obj
 0001:0002ca90       _executable_area_overlap_bounds 7102da90 f   vmareas.c.obj
 0001:0002ccd0       _executable_areas_lock     7102dcd0 f   vmareas.c.obj
 0001:0002ce10       _executable_areas_unlock   7102de10 f   vmareas.c.obj
 0001:0002ce20       _executable_vm_area_coarse_overlap 7102de20 f   vmareas.c.obj
 0001:0002ce70       _executable_vm_area_executed_from 7102de70 f   vmareas.c.obj
 0001:0002cec0       _executable_vm_area_overlap 7102dec0 f   vmareas.c.obj
 0001:0002cf60       _free_nonexec_coarse_and_unlock 7102df60 f   vmareas.c.obj
 0001:0002d140       _get_executable_area_coarse_info 7102e140 f   vmareas.c.obj
 0001:0002d160       _get_executable_area_flags 7102e160 f   vmareas.c.obj
 0001:0002d1b0       _get_selfmod_exec_counter  7102e1b0 f   vmareas.c.obj
 0001:0002d290       _handle_modified_code      7102e290 f   vmareas.c.obj
 0001:0002d980       _is_address_on_stack       7102e980 f   vmareas.c.obj
 0001:0002da10       _is_driver_address         7102ea10 f   vmareas.c.obj
 0001:0002da70       _is_dynamo_address         7102ea70 f   vmareas.c.obj
 0001:0002dac0       _is_dynamo_area_buffer     7102eac0 f   vmareas.c.obj
 0001:0002db30       _is_executable_area_writable 7102eb30 f   vmareas.c.obj
 0001:0002db70       _is_jit_managed_area       7102eb70 f   vmareas.c.obj
 0001:0002dc70       _is_pretend_or_executable_writable 7102ec70 f   vmareas.c.obj
 0001:0002dd20       _is_pretend_writable_address 7102ed20 f   vmareas.c.obj
 0001:0002dde0       _mark_dynamo_vm_areas_stale 7102ede0 f   vmareas.c.obj
 0001:0002ddf0       _mark_executable_area_coarse_frozen 7102edf0 f   vmareas.c.obj
 0001:0002de60       _mark_unload_end           7102ee60 f   vmareas.c.obj
 0001:0002de90       _mark_unload_start         7102ee90 f   vmareas.c.obj
 0001:0002e000       _print_executable_areas    7102f000 f   vmareas.c.obj
 0001:0002e050       _print_last_deallocated    7102f050 f   vmareas.c.obj
 0001:0002e1c0       _release_vm_areas_lock     7102f1c0 f   vmareas.c.obj
 0001:0002e200       _remove_dynamo_heap_areas  7102f200 f   vmareas.c.obj
 0001:0002e580       _remove_dynamo_vm_area     7102f580 f   vmareas.c.obj
 0001:0002e5e0       _remove_executable_region  7102f5e0 f   vmareas.c.obj
 0001:0002e820       _remove_from_lazy_deletion_list 7102f820 f   vmareas.c.obj
 0001:0002ede0       _revert_memory_regions     7102fde0 f   vmareas.c.obj
 0001:0002ee80       _self_owns_dynamo_vm_area_lock 7102fe80 f   vmareas.c.obj
 0001:0002eea0       _set_region_jit_managed    7102fea0 f   vmareas.c.obj
 0001:0002ef50       _set_thread_decode_page_start 7102ff50 f   vmareas.c.obj
 0001:0002ef70       _tamper_resistant_region_add 7102ff70 f   vmareas.c.obj
 0001:0002ef90       _thread_vm_area_overlap    7102ff90 f   vmareas.c.obj
 0001:0002f000       _unlink_fragments_for_deletion 71030000 f   vmareas.c.obj
 0001:0002f0f0       _vm_area_add_fragment      710300f0 f   vmareas.c.obj
 0001:0002f350       _vm_area_add_to_list       71030350 f   vmareas.c.obj
 0001:0002f7a0       _vm_area_allsynch_flush_fragments 710307a0 f   vmareas.c.obj
 0001:0002fa70       _vm_area_check_shared_pending 71030a70 f   vmareas.c.obj
 0001:0002ff20       _vm_area_coarse_units_freeze 71030f20 f   vmareas.c.obj
 0001:0002ffb0       _vm_area_coarse_units_reset_free 71030fb0 f   vmareas.c.obj
 0001:00030040       _vm_area_delay_load_coarse_units 71031040 f   vmareas.c.obj
 0001:00030180       _vm_area_destroy_list      71031180 f   vmareas.c.obj
 0001:000301a0       _vm_area_flush_fragments   710311a0 f   vmareas.c.obj
 0001:00030420       _vm_area_remove_fragment   71031420 f   vmareas.c.obj
 0001:00030500       _vm_area_selfmod_check_clear_exec_count 71031500 f   vmareas.c.obj
 0001:000306e0       _vm_area_unlink_fragments  710316e0 f   vmareas.c.obj
 0001:00030980       _vm_areas_exit             71031980 f   vmareas.c.obj
 0001:00030b80       _vm_areas_init             71031b80 f   vmareas.c.obj
 0001:00030fe0       _vm_areas_post_exit        71031fe0 f   vmareas.c.obj
 0001:00030ff0       _vm_areas_reset_free       71031ff0 f   vmareas.c.obj
 0001:00031020       _vm_areas_reset_init       71032020 f   vmareas.c.obj
 0001:00031090       _vm_areas_thread_exit      71032090 f   vmareas.c.obj
 0001:00031090       _vm_areas_thread_reset_free 71032090 f   vmareas.c.obj
 0001:000310b0       _vm_areas_thread_init      710320b0 f   vmareas.c.obj
 0001:00031150       _vm_areas_thread_reset_init 71032150 f   vmareas.c.obj
 0001:000311e0       _vm_list_overlaps          710321e0 f   vmareas.c.obj
 0001:00031330       _vmvector_add              71032330 f   vmareas.c.obj
 0001:000313a0       _vmvector_add_replace      710323a0 f   vmareas.c.obj
 0001:00031450       _vmvector_create_vector    71032450 f   vmareas.c.obj
 0001:00031480       _vmvector_delete_vector    71032480 f   vmareas.c.obj
 0001:00031520       _vmvector_iterator_hasnext 71032520 f   vmareas.c.obj
 0001:00031540       _vmvector_iterator_next    71032540 f   vmareas.c.obj
 0001:00031590       _vmvector_iterator_peek    71032590 f   vmareas.c.obj
 0001:000315e0       _vmvector_iterator_start   710325e0 f   vmareas.c.obj
 0001:00031630       _vmvector_iterator_startover 71032630 f   vmareas.c.obj
 0001:00031640       _vmvector_iterator_stop    71032640 f   vmareas.c.obj
 0001:00031680       _vmvector_lookup           71032680 f   vmareas.c.obj
 0001:000316f0       _vmvector_lookup_data      710326f0 f   vmareas.c.obj
 0001:00031790       _vmvector_modify_data      71032790 f   vmareas.c.obj
 0001:00031810       _vmvector_overlap          71032810 f   vmareas.c.obj
 0001:00031880       _vmvector_remove           71032880 f   vmareas.c.obj
 0001:000318e0       _vmvector_remove_containing_area 710328e0 f   vmareas.c.obj
 0001:00031970       _vmvector_reset_vector     71032970 f   vmareas.c.obj
 0001:000319e0       _was_executable_area_writable 710329e0 f   vmareas.c.obj
 0001:00031a70       _generic_hash_add          71032a70 f   hashtable.c.obj
 0001:00031aa0       _generic_hash_clear        71032aa0 f   hashtable.c.obj
 0001:00031b10       _generic_hash_create       71032b10 f   hashtable.c.obj
 0001:00031b50       _generic_hash_destroy      71032b50 f   hashtable.c.obj
 0001:00031c00       _generic_hash_iterate_next 71032c00 f   hashtable.c.obj
 0001:00031c60       _generic_hash_iterate_remove 71032c60 f   hashtable.c.obj
 0001:00031cd0       _generic_hash_lookup       71032cd0 f   hashtable.c.obj
 0001:00031cf0       _generic_hash_range_remove 71032cf0 f   hashtable.c.obj
 0001:00031d10       _generic_hash_remove       71032d10 f   hashtable.c.obj
 0001:00031d90       _hashtable_bits_given_entries 71032d90 f   hashtable.c.obj
 0001:00032960       _strhash_hash_add          71033960 f   hashtable.c.obj
 0001:00032990       _strhash_hash_create       71033990 f   hashtable.c.obj
 0001:000329e0       _strhash_hash_destroy      710339e0 f   hashtable.c.obj
 0001:00032a90       _strhash_hash_lookup       71033a90 f   hashtable.c.obj
 0001:00032ab0       _strhash_hash_remove       71033ab0 f   hashtable.c.obj
 0001:00032bc0       _is_module_list_initialized 71033bc0 f   module_list.c.obj
 0001:00032bd0       _module_calculate_digest   71033bd0 f   module_list.c.obj
 0001:00032f30       _module_iterator_hasnext   71033f30 f   module_list.c.obj
 0001:00032f80       _module_iterator_next      71033f80 f   module_list.c.obj
 0001:00032fa0       _module_iterator_start     71033fa0 f   module_list.c.obj
 0001:00032fe0       _module_iterator_stop      71033fe0 f   module_list.c.obj
 0001:00033020       _module_list_add           71034020 f   module_list.c.obj
 0001:000330b0       _module_list_add_mapping   710340b0 f   module_list.c.obj
 0001:000330d0       _module_list_remove        710340d0 f   module_list.c.obj
 0001:000331c0       _module_list_remove_mapping 710341c0 f   module_list.c.obj
 0001:000331e0       _module_pc_lookup          710341e0 f   module_list.c.obj
 0001:00033200       _modules_exit              71034200 f   module_list.c.obj
 0001:000332f0       _modules_init              710342f0 f   module_list.c.obj
 0001:00033310       _modules_reset_list        71034310 f   module_list.c.obj
 0001:000333e0       _os_get_module_info_lock   710343e0 f   module_list.c.obj
 0001:00033400       _os_get_module_info_unlock 71034400 f   module_list.c.obj
 0001:00033420       _os_get_module_info_write_lock 71034420 f   module_list.c.obj
 0001:00033440       _os_get_module_info_write_unlock 71034440 f   module_list.c.obj
 0001:00033460       _os_get_module_name_buf_strdup 71034460 f   module_list.c.obj
 0001:00033520       _os_get_module_name_strdup 71034520 f   module_list.c.obj
 0001:000335a0       _os_module_clear_flag      710345a0 f   module_list.c.obj
 0001:000335c0       _os_module_get_flag        710345c0 f   module_list.c.obj
 0001:00033620       _os_module_get_view_size   71034620 f   module_list.c.obj
 0001:00033670       _os_module_set_flag        71034670 f   module_list.c.obj
 0001:00033720       _moduledb_exit             71034720 f   moduledb.c.obj
 0001:00033790       _moduledb_init             71034790 f   moduledb.c.obj
 0001:000337b0       _moduledb_process_image    710347b0 f   moduledb.c.obj
 0001:000339c0       _print_moduledb_exempt_lists 710349c0 f   moduledb.c.obj
 0001:00034540       _coarse_unit_check_persist_space 71035540 f   perscache.c.obj
 0001:000345c0       _coarse_unit_create        710355c0 f   perscache.c.obj
 0001:00034740       _coarse_unit_free          71035740 f   perscache.c.obj
 0001:00034790       _coarse_unit_freeze        71035790 f   perscache.c.obj
 0001:00034940       _coarse_unit_init          71035940 f   perscache.c.obj
 0001:00034970       _coarse_unit_load          71035970 f   perscache.c.obj
 0001:00035480       _coarse_unit_mark_in_use   71036480 f   perscache.c.obj
 0001:00035500       _coarse_unit_merge         71036500 f   perscache.c.obj
 0001:00035af0       _coarse_unit_persist       71036af0 f   perscache.c.obj
 0001:00036460       _coarse_unit_reset_free    71037460 f   perscache.c.obj
 0001:000369a0       _coarse_units_freeze_all   710379a0 f   perscache.c.obj
 0001:00036f60       _dr_fragment_persistable   71037f60 f   perscache.c.obj
 0001:00036fd0       _dr_persist_size           71037fd0 f   perscache.c.obj
 0001:00036fe0       _dr_persist_start          71037fe0 f   perscache.c.obj
 0001:00037360       _instrument_persist_section 71038360 f   perscache.c.obj
 0001:00037430       _perscache_dirname         71038430 f   perscache.c.obj
 0001:00037510       _perscache_fast_exit       71038510 f   perscache.c.obj
 0001:00037550       _perscache_init            71038550 f   perscache.c.obj
 0001:000377e0       _transfer_coarse_fragment  710387e0 f   perscache.c.obj
 0001:00037a40       _transfer_coarse_stub      71038a40 f   perscache.c.obj
 0001:00037b20       _transfer_coarse_stub_fix_trace_head 71038b20 f   perscache.c.obj
 0001:00037b80       _generic_nudge_handler     71038b80 f   nudge.c.obj
 0001:00037dd0       _generic_nudge_target      71038dd0 f   nudge.c.obj
 0001:00037df0       _nudge_internal            71038df0 f   nudge.c.obj
 0001:00037f50       _nudge_thread_cleanup      71038f50 f   nudge.c.obj
 0001:00038010       _at_safe_spot              71039010 f   synch.c.obj
 0001:00038190       _check_wait_at_safe_spot   71039190 f   synch.c.obj
 0001:00038320       _detach_on_permanent_stack 71039320 f   synch.c.obj
 0001:000387a0       _end_synch_with_all_threads 710397a0 f   synch.c.obj
 0001:00038860       _is_at_do_syscall          71039860 f   synch.c.obj
 0001:000389d0       _send_all_other_threads_native 710399d0 f   synch.c.obj
 0001:00038bc0       _set_synch_state           71039bc0 f   synch.c.obj
 0001:00038bf0       _set_synched_thread_context 71039bf0 f   synch.c.obj
 0001:00038d70       _should_wait_at_safe_spot  71039d70 f   synch.c.obj
 0001:00038d90       _synch_exit                71039d90 f   synch.c.obj
 0001:00038da0       _synch_thread_exit         71039da0 f   synch.c.obj
 0001:00038e30       _synch_thread_init         71039e30 f   synch.c.obj
 0001:00038ea0       _synch_with_all_threads    71039ea0 f   synch.c.obj
 0001:00039540       _synch_with_thread         7103a540 f   synch.c.obj
 0001:000398e0       _thread_synch_state_no_xfer 7103a8e0 f   synch.c.obj
 0001:00039930       _thread_synch_successful   7103a930 f   synch.c.obj
 0001:00039950       _translate_from_synchall_to_dispatch 7103a950 f   synch.c.obj
 0001:00039ac0       _translate_mcontext        7103aac0 f   synch.c.obj
 0001:00039c00       _in_private_library        7103ac00 f   loader_shared.c.obj
 0001:00039c20       _loader_exit               7103ac20 f   loader_shared.c.obj
 0001:00039da0       _loader_init_epilogue      7103ada0 f   loader_shared.c.obj
 0001:00039ed0       _loader_init_prologue      7103aed0 f   loader_shared.c.obj
 0001:0003a000       _loader_make_exit_calls    7103b000 f   loader_shared.c.obj
 0001:0003a080       _loader_thread_exit        7103b080 f   loader_shared.c.obj
 0001:0003a0e0       _loader_thread_init        7103b0e0 f   loader_shared.c.obj
 0001:0003a180       _locate_and_load_private_library 7103b180 f   loader_shared.c.obj
 0001:0003a200       _privload_add_drext_path   7103b200 f   loader_shared.c.obj
 0001:0003a340       _privload_first_module     7103b340 f   loader_shared.c.obj
 0001:0003a350       _privload_insert           7103b350 f   loader_shared.c.obj
 0001:0003a4b0       _privload_load             7103b4b0 f   loader_shared.c.obj
 0001:0003a670       _privload_lookup           7103b670 f   loader_shared.c.obj
 0001:0003a740       _privload_lookup_by_base   7103b740 f   loader_shared.c.obj
 0001:0003a7b0       _privload_lookup_by_pc     7103b7b0 f   loader_shared.c.obj
 0001:0003a830       _privload_next_module      7103b830 f   loader_shared.c.obj
 0001:0003a840       _privload_print_modules    7103b840 f   loader_shared.c.obj
 0001:0003ab00       _privload_unload           7103bb00 f   loader_shared.c.obj
 0001:0003ac10       _redirect_calloc           7103bc10 f   loader_shared.c.obj
 0001:0003ac70       _redirect_free             7103bc70 f   loader_shared.c.obj
 0001:0003aca0       _redirect_malloc           7103bca0 f   loader_shared.c.obj
 0001:0003ace0       _redirect_malloc_requested_size 7103bce0 f   loader_shared.c.obj
 0001:0003ad20       _redirect_realloc          7103bd20 f   loader_shared.c.obj
 0001:0003ade0       _redirect_strdup           7103bde0 f   loader_shared.c.obj
 0001:0003ae50       _unload_private_library    7103be50 f   loader_shared.c.obj
 0001:0003af00       _d_r_snprintf              7103bf00 f   io.c.obj
 0001:0003af00       _dr_snprintf               7103bf00 f   instrument.c.obj
 0001:0003af20       _d_r_snprintf_wide         7103bf20 f   io.c.obj
 0001:0003af20       _dr_snwprintf              7103bf20 f   instrument.c.obj
 0001:0003af40       _d_r_sscanf                7103bf40 f   io.c.obj
 0001:0003af40       _dr_sscanf                 7103bf40 f   instrument.c.obj
 0001:0003af60       _d_r_vsnprintf             7103bf60 f   io.c.obj
 0001:0003bde0       _d_r_vsnprintf_wide        7103cde0 f   io.c.obj
 0001:0003c700       _d_r_vsscanf               7103d700 f   io.c.obj
 0001:0003cd30       _double2int_trunc          7103dd30 f   io.c.obj
 0001:0003d830       _utf16_to_utf8_size        7103e830 f   io.c.obj
 0001:0003db30       _call_to_native            7103eb30 f   native_exec.c.obj
 0001:0003deb0       _interpret_back_from_native 7103eeb0 f   native_exec.c.obj
 0001:0003dee0       _is_native_pc              7103eee0 f   native_exec.c.obj
 0001:0003df00       _native_exec_exit          7103ef00 f   native_exec.c.obj
 0001:0003df30       _native_exec_init          7103ef30 f   native_exec.c.obj
 0001:0003dfb0       _native_exec_module_load   7103efb0 f   native_exec.c.obj
 0001:0003dfe0       _native_exec_module_unload 7103efe0 f   native_exec.c.obj
 0001:0003e010       _put_back_native_retaddrs  7103f010 f   native_exec.c.obj
 0001:0003e050       _return_from_native        7103f050 f   native_exec.c.obj
 0001:0003e0b0       _return_to_native          7103f0b0 f   native_exec.c.obj
 0001:0003e100       ___wrap_calloc             7103f100 f   instrument.c.obj
 0001:0003e110       ___wrap_free               7103f110 f   instrument.c.obj
 0001:0003e120       ___wrap_malloc             7103f120 f   instrument.c.obj
 0001:0003e130       ___wrap_realloc            7103f130 f   instrument.c.obj
 0001:0003e140       ___wrap_strdup             7103f140 f   instrument.c.obj
 0001:0003e410       _dr_abort                  7103f410 f   instrument.c.obj
 0001:0003e440       _dr_abort_with_code        7103f440 f   instrument.c.obj
 0001:0003e470       _dr_allow_unsafe_static_behavior 7103f470 f   instrument.c.obj
 0001:0003e480       _dr_app_arg_as_cstring     7103f480 f   instrument.c.obj
 0001:0003e4e0       _dr_app_pc_for_decoding    7103f4e0 f   instrument.c.obj
 0001:0003e500       _dr_app_pc_from_cache_pc   7103f500 f   instrument.c.obj
 0001:0003e570       _dr_app_recurlock_lock     7103f570 f   instrument.c.obj
 0001:0003e590       _dr_atomic_add32_return_sum 7103f590 f   instrument.c.obj
 0001:0003e5b0       _dr_atomic_load32          7103f5b0 f   instrument.c.obj
 0001:0003e5b0       _instrlist_first           7103f5b0 f   instrlist.c.obj
 0001:0003e5c0       _dr_atomic_store32         7103f5c0 f   instrument.c.obj
 0001:0003e5d0       _dr_bb_exists_at           7103f5d0 f   instrument.c.obj
 0001:0003e5f0       _dr_bb_hook_exists         7103f5f0 f   instrument.c.obj
 0001:0003e600       _dr_cleanup_after_call     7103f600 f   instrument.c.obj
 0001:0003e630       _dr_client_thread_set_suspendable 7103f630 f   instrument.c.obj
 0001:0003e660       _dr_clobber_retaddr_after_read 7103f660 f   instrument.c.obj
 0001:0003e6c0       _destroy_event             7103f6c0 f   os.c.obj
 0001:0003e6c0       _dr_close_file             7103f6c0 f   instrument.c.obj
 0001:0003e6d0       _dr_convert_handle_to_pid  7103f6d0 f   instrument.c.obj
 0001:0003e6e0       _dr_convert_pid_to_handle  7103f6e0 f   instrument.c.obj
 0001:0003e6f0       _dr_create_dir             7103f6f0 f   instrument.c.obj
 0001:0003e700       _dr_create_memory_dump     7103f700 f   instrument.c.obj
 0001:0003e730       _dr_custom_alloc           7103f730 f   instrument.c.obj
 0001:0003e7d0       _dr_custom_free            7103f7d0 f   instrument.c.obj
 0001:0003e880       _dr_delay_flush_region     7103f880 f   instrument.c.obj
 0001:0003e900       _dr_delete_dir             7103f900 f   instrument.c.obj
 0001:0003e910       _dr_delete_file            7103f910 f   instrument.c.obj
 0001:0003e920       _dr_delete_fragment        7103f920 f   instrument.c.obj
 0001:0003ea20       _dr_directory_exists       7103fa20 f   instrument.c.obj
 0001:0003ea30       _dr_dup_file_handle        7103fa30 f   instrument.c.obj
 0001:0003ea70       _dr_enable_console_printing 7103fa70 f   instrument.c.obj
 0001:0003eb50       _dr_end_trace_hook_exists  7103fb50 f   instrument.c.obj
 0001:0003eb60       _dr_event_create           7103fb60 f   instrument.c.obj
 0001:0003eb70       _dr_event_destroy          7103fb70 f   instrument.c.obj
 0001:0003eb80       _dr_event_reset            7103fb80 f   instrument.c.obj
 0001:0003eb90       _dr_event_signal           7103fb90 f   instrument.c.obj
 0001:0003eba0       _dr_event_wait             7103fba0 f   instrument.c.obj
 0001:0003ec10       _dr_exit_hook_exists       7103fc10 f   instrument.c.obj
 0001:0003ec20       _dr_exit_process           7103fc20 f   instrument.c.obj
 0001:0003ece0       _dr_file_exists            7103fce0 f   instrument.c.obj
 0001:0003ecf0       _dr_file_seek              7103fcf0 f   instrument.c.obj
 0001:0003ed10       _dr_file_size              7103fd10 f   instrument.c.obj
 0001:0003ed20       _dr_file_tell              7103fd20 f   instrument.c.obj
 0001:0003ed30       _dr_flush_file             7103fd30 f   instrument.c.obj
 0001:0003ed40       _dr_flush_region           7103fd40 f   instrument.c.obj
 0001:0003ed60       _dr_flush_region_ex        7103fd60 f   instrument.c.obj
 0001:0003edd0       _dr_fprintf                7103fdd0 f   instrument.c.obj
 0001:0003edf0       _dr_fragment_app_pc        7103fdf0 f   instrument.c.obj
 0001:0003ee20       _dr_fragment_deleted_hook_exists 7103fe20 f   instrument.c.obj
 0001:0003ee30       _dr_fragment_exists_at     7103fe30 f   instrument.c.obj
 0001:0003ee60       _dr_fragment_size          7103fe60 f   instrument.c.obj
 0001:0003eea0       _kernel32_redir_init_proc  7103fea0 f   kernel32_proc.c.obj
 0001:0003eea0       _dr_get_app_PEB            7103fea0 f   instrument.c.obj
 0001:0003eeb0       _dr_get_app_args           7103feb0 f   instrument.c.obj
 0001:0003eeb0       _dr_num_app_args           7103feb0 f   instrument.c.obj
 0001:0003eec0       _dr_get_application_name   7103fec0 f   instrument.c.obj
 0001:0003eed0       _dr_get_client_base        7103fed0 f   instrument.c.obj
 0001:0003ef10       _dr_get_client_path        7103ff10 f   instrument.c.obj
 0001:0003ef50       _dr_get_current_directory  7103ff50 f   instrument.c.obj
 0001:0003ef60       _dr_get_current_drcontext  7103ff60 f   instrument.c.obj
 0001:0003ef70       _dr_get_dr_segment_base    7103ff70 f   instrument.c.obj
 0001:0003ef80       _dr_get_dr_thread_handle   7103ff80 f   instrument.c.obj
 0001:0003ef90       _dr_get_error_code         7103ff90 f   instrument.c.obj
 0001:0003efb0       _dr_get_logfile            7103ffb0 f   instrument.c.obj
 0001:0003efb0       _os_create_memory_file     7103ffb0 f   os.c.obj
 0001:0003efb0       _redirect_GetCurrentProcess@0 7103ffb0 f   kernel32_proc.c.obj
 0001:0003efb0       _reg_parameter_num         7103ffb0 f   opnd_shared.c.obj
 0001:0003efc0       _dr_get_mcontext           7103ffc0 f   instrument.c.obj
 0001:0003efe0       _dr_get_mcontext_priv      7103ffe0 f   instrument.c.obj
 0001:0003f170       _dr_get_microseconds       71040170 f   instrument.c.obj
 0001:0003f180       _dr_get_milliseconds       71040180 f   instrument.c.obj
 0001:0003f190       _dr_get_option_array       71040190 f   instrument.c.obj
 0001:0003f1e0       _dr_get_options            710401e0 f   instrument.c.obj
 0001:0003f300       _dr_get_os_version         71040300 f   instrument.c.obj
 0001:0003f4d0       _dr_get_process_id         710404d0 f   instrument.c.obj
 0001:0003f4d0       _redirect_GetCurrentProcessId@0 710404d0 f   kernel32_proc.c.obj
 0001:0003f4d0       _dr_get_process_id_from_drcontext 710404d0 f   instrument.c.obj
 0001:0003f4e0       _dr_get_random_seed        710404e0 f   instrument.c.obj
 0001:0003f4f0       _dr_get_random_value       710404f0 f   instrument.c.obj
 0001:0003f500       _dr_get_stats              71040500 f   instrument.c.obj
 0001:0003f510       _dr_get_stderr_file        71040510 f   instrument.c.obj
 0001:0003f520       _dr_get_stdin_file         71040520 f   instrument.c.obj
 0001:0003f530       _dr_get_stdout_file        71040530 f   instrument.c.obj
 0001:0003f540       _instr_get_isa_mode        71040540 f   instr.c.obj
 0001:0003f540       _dr_remove_it_instrs       71040540 f   instrument.c.obj
 0001:0003f540       _opnd_get_flags            71040540 f   opnd_shared.c.obj
 0001:0003f540       _instrlist_get_auto_predicate 71040540 f   instrlist.c.obj
 0001:0003f540       _dr_insert_it_instrs       71040540 f   instrument.c.obj
 0001:0003f540       _dr_get_stolen_reg         71040540 f   instrument.c.obj
 0001:0003f550       _dr_get_thread_id          71040550 f   instrument.c.obj
 0001:0003f560       _dr_get_time               71040560 f   instrument.c.obj
 0001:0003f580       _dr_get_tls_field          71040580 f   instrument.c.obj
 0001:0003f590       _dr_get_token              71040590 f   instrument.c.obj
 0001:0003f5c0       _dr_global_alloc           710405c0 f   instrument.c.obj
 0001:0003f5d0       _dr_global_free            710405d0 f   instrument.c.obj
 0001:0003f5f0       _dr_hashtable_add          710405f0 f   instrument.c.obj
 0001:0003f600       _dr_hashtable_clear        71040600 f   instrument.c.obj
 0001:0003f610       _dr_hashtable_create       71040610 f   instrument.c.obj
 0001:0003f630       _dr_hashtable_destroy      71040630 f   instrument.c.obj
 0001:0003f640       _dr_hashtable_lookup       71040640 f   instrument.c.obj
 0001:0003f650       _dr_hashtable_remove       71040650 f   instrument.c.obj
 0001:0003f660       _dr_insert_call            71040660 f   instrument.c.obj
 0001:0003f710       _dr_insert_call_ex         71040710 f   instrument.c.obj
 0001:0003f780       _dr_insert_call_instrumentation 71040780 f   instrument.c.obj
 0001:0003f900       _dr_insert_call_noreturn   71040900 f   instrument.c.obj
 0001:0003f970       _dr_insert_cbr_instrumentation 71040970 f   instrument.c.obj
 0001:0003f9b0       _dr_insert_cbr_instrumentation_ex 710409b0 f   instrument.c.obj
 0001:00040100       _dr_insert_clean_call      71041100 f   instrument.c.obj
 0001:00040170       _dr_insert_clean_call_ex   71041170 f   instrument.c.obj
 0001:000401e0       _dr_insert_clean_call_ex_varg 710411e0 f   instrument.c.obj
 0001:000407b0       _dr_insert_get_seg_base    710417b0 f   instrument.c.obj
 0001:000408b0       _os_heap_systemwide_overcommit 710418b0 f   os.c.obj
 0001:000408b0       _dr_insert_get_stolen_reg_value 710418b0 f   instrument.c.obj
 0001:000408b0       _exit_cti_reaches_target   710418b0 f   emit_utils.c.obj
 0001:000408b0       _dr_insert_set_stolen_reg_value 710418b0 f   instrument.c.obj
 0001:000408b0       _dr_mutex_self_owns        710418b0 f   instrument.c.obj
 0001:000408b0       _remove_from_all_memory_areas 710418b0 f   os.c.obj
 0001:000408b0       _private_lib_handle_cb     710418b0 f   loader.c.obj
 0001:000408c0       _dr_insert_mbr_instrumentation 710418c0 f   instrument.c.obj
 0001:00040c10       _dr_insert_read_raw_tls    71041c10 f   instrument.c.obj
 0001:00040c90       _dr_insert_read_tls_field  71041c90 f   instrument.c.obj
 0001:00040dc0       _dr_insert_ubr_instrumentation 71041dc0 f   instrument.c.obj
 0001:00040dd0       _dr_insert_write_raw_tls   71041dd0 f   instrument.c.obj
 0001:00040e50       _dr_insert_write_tls_field 71041e50 f   instrument.c.obj
 0001:00040fc0       _dr_is_detaching           71041fc0 f   instrument.c.obj
 0001:00040fd0       _dr_is_notify_on           71041fd0 f   instrument.c.obj
 0001:00040fe0       _dr_is_nudge_thread        71041fe0 f   instrument.c.obj
 0001:00040ff0       _dr_is_thread_native       71041ff0 f   instrument.c.obj
 0001:00041010       _should_track_where_am_i   71042010 f   instrument.c.obj
 0001:00041010       _dr_is_tracking_where_am_i 71042010 f   instrument.c.obj
 0001:00041030       _dr_is_wow64               71042030 f   instrument.c.obj
 0001:00041040       _dr_load_aux_library       71042040 f   instrument.c.obj
 0001:000410e0       _dr_load_aux_x64_library   710420e0 f   instrument.c.obj
 0001:00041110       _dr_lookup_aux_library_routine 71042110 f   instrument.c.obj
 0001:00041130       _dr_lookup_aux_x64_library_routine 71042130 f   instrument.c.obj
 0001:00041150       _dr_map_executable_file    71042150 f   instrument.c.obj
 0001:00041180       _dr_map_file               71042180 f   instrument.c.obj
 0001:000411c0       _dr_mark_safe_to_suspend   710421c0 f   instrument.c.obj
 0001:000411e0       _dr_mark_trace_head        710421e0 f   instrument.c.obj
 0001:000412c0       _dr_max_opnd_accessible_spill_slot 710422c0 f   instrument.c.obj
 0001:000412e0       _dr_mcontext_xmm_fields_valid 710422e0 f   instrument.c.obj
 0001:000412f0       _dr_mcontext_zmm_fields_valid 710422f0 f   instrument.c.obj
 0001:00041300       _dr_memory_is_dr_internal  71042300 f   instrument.c.obj
 0001:00041310       _dr_memory_is_in_client    71042310 f   instrument.c.obj
 0001:00041360       _dr_memory_is_readable     71042360 f   instrument.c.obj
 0001:00041360       _is_readable_without_exception_query_os_noblock 71042360 f   os.c.obj
 0001:00041360       _is_readable_without_exception_query_os 71042360 f   os.c.obj
 0001:00041370       _dr_memory_protect         71042370 f   instrument.c.obj
 0001:000413d0       _dr_merge_arith_flags      710423d0 f   instrument.c.obj
 0001:00041400       _dr_messagebox             71042400 f   instrument.c.obj
 0001:000414e0       _dr_modload_hook_exists    710424e0 f   instrument.c.obj
 0001:000414f0       _dr_mutex_create           710424f0 f   instrument.c.obj
 0001:00041520       _dr_mutex_destroy          71042520 f   instrument.c.obj
 0001:00041540       _dr_mutex_lock             71042540 f   instrument.c.obj
 0001:000415b0       _dr_mutex_mark_as_app      710425b0 f   instrument.c.obj
 0001:000415b0       _dr_recurlock_mark_as_app  710425b0 f   instrument.c.obj
 0001:000415b0       _dr_rwlock_mark_as_app     710425b0 f   instrument.c.obj
 0001:000415c0       _dr_mutex_trylock          710425c0 f   instrument.c.obj
 0001:00041640       _dr_mutex_unlock           71042640 f   instrument.c.obj
 0001:00041680       _dr_nonheap_alloc          71042680 f   instrument.c.obj
 0001:000416a0       _dr_nonheap_free           710426a0 f   instrument.c.obj
 0001:000416c0       _dr_nudge_client           710426c0 f   instrument.c.obj
 0001:000416f0       _dr_nudge_client_ex        710426f0 f   instrument.c.obj
 0001:00041790       _dr_open_file              71042790 f   instrument.c.obj
 0001:00041800       _dr_page_size              71042800 f   instrument.c.obj
 0001:00041810       _dr_prepare_for_call       71042810 f   instrument.c.obj
 0001:00041880       _dr_prepopulate_cache      71042880 f   instrument.c.obj
 0001:00041960       _dr_prepopulate_indirect_targets 71042960 f   instrument.c.obj
 0001:000419d0       _dr_print_instr            710429d0 f   instrument.c.obj
 0001:00041a10       _dr_print_opnd             71042a10 f   instrument.c.obj
 0001:00041a60       _dr_printf                 71042a60 f   instrument.c.obj
 0001:00041a90       _dr_query_memory           71042a90 f   instrument.c.obj
 0001:00041ae0       _dr_query_memory_ex        71042ae0 f   instrument.c.obj
 0001:00041b10       _dr_raw_mem_alloc          71042b10 f   instrument.c.obj
 0001:00041b30       _dr_raw_mem_free           71042b30 f   instrument.c.obj
 0001:00041ba0       _dr_raw_tls_calloc         71042ba0 f   instrument.c.obj
 0001:00041bd0       _dr_raw_tls_cfree          71042bd0 f   instrument.c.obj
 0001:00041bf0       _dr_raw_tls_opnd           71042bf0 f   instrument.c.obj
 0001:00041c30       _dr_read_file              71042c30 f   instrument.c.obj
 0001:00041c40       _dr_read_saved_reg         71042c40 f   instrument.c.obj
 0001:00041c90       _dr_recurlock_create       71042c90 f   instrument.c.obj
 0001:00041cd0       _dr_recurlock_destroy      71042cd0 f   instrument.c.obj
 0001:00041cf0       _dr_recurlock_lock         71042cf0 f   instrument.c.obj
 0001:00041d00       _dr_recurlock_self_owns    71042d00 f   instrument.c.obj
 0001:00041d10       _dr_recurlock_trylock      71042d10 f   instrument.c.obj
 0001:00041d20       _dr_recurlock_unlock       71042d20 f   instrument.c.obj
 0001:00041d30       _dr_redirect_execution     71042d30 f   instrument.c.obj
 0001:00042020       _dr_redirect_native_target 71043020 f   instrument.c.obj
 0001:00042030       _dr_reg_spill_slot_opnd    71043030 f   instrument.c.obj
 0001:000420a0       _dr_register_bb_event      710430a0 f   instrument.c.obj
 0001:000420c0       _dr_register_clean_call_insertion_event 710430c0 f   instrument.c.obj
 0001:000420e0       _dr_register_delete_event  710430e0 f   instrument.c.obj
 0001:00042100       _dr_register_end_trace_event 71043100 f   instrument.c.obj
 0001:00042120       _dr_register_exception_event 71043120 f   instrument.c.obj
 0001:00042140       _dr_register_exit_event    71043140 f   instrument.c.obj
 0001:00042160       _dr_register_filter_syscall_event 71043160 f   instrument.c.obj
 0001:00042180       _dr_register_kernel_xfer_event 71043180 f   instrument.c.obj
 0001:000421a0       _dr_register_low_on_memory_event 710431a0 f   instrument.c.obj
 0001:000421c0       _dr_register_module_load_event 710431c0 f   instrument.c.obj
 0001:000421e0       _dr_register_module_unload_event 710431e0 f   instrument.c.obj
 0001:00042200       _dr_register_nudge_event   71043200 f   instrument.c.obj
 0001:000422f0       _dr_register_persist_patch 710432f0 f   instrument.c.obj
 0001:00042310       _dr_register_persist_ro    71043310 f   instrument.c.obj
 0001:00042360       _dr_register_persist_rw    71043360 f   instrument.c.obj
 0001:000423b0       _dr_register_persist_rx    710433b0 f   instrument.c.obj
 0001:00042400       _dr_register_post_attach_event 71043400 f   instrument.c.obj
 0001:00042430       _dr_register_post_syscall_event 71043430 f   instrument.c.obj
 0001:00042450       _dr_register_pre_detach_event 71043450 f   instrument.c.obj
 0001:00042470       _dr_register_pre_syscall_event 71043470 f   instrument.c.obj
 0001:00042490       _dr_register_restore_state_event 71043490 f   instrument.c.obj
 0001:000424b0       _dr_register_restore_state_ex_event 710434b0 f   instrument.c.obj
 0001:000424d0       _dr_register_thread_exit_event 710434d0 f   instrument.c.obj
 0001:000424f0       _dr_register_thread_init_event 710434f0 f   instrument.c.obj
 0001:00042510       _dr_register_trace_event   71043510 f   instrument.c.obj
 0001:00042530       _dr_rename_file            71043530 f   instrument.c.obj
 0001:00042540       _dr_replace_fragment       71043540 f   instrument.c.obj
 0001:00042650       _dr_restore_app_stack      71043650 f   instrument.c.obj
 0001:000426c0       _dr_restore_arith_flags    710436c0 f   instrument.c.obj
 0001:000426f0       _dr_restore_arith_flags_from_reg 710436f0 f   instrument.c.obj
 0001:000427d0       _dr_restore_arith_flags_from_xax 710437d0 f   instrument.c.obj
 0001:000427f0       _dr_restore_reg            710437f0 f   instrument.c.obj
 0001:00042900       _dr_resume_all_other_threads 71043900 f   instrument.c.obj
 0001:00042990       _dr_retakeover_suspended_native_thread 71043990 f   instrument.c.obj
 0001:00042cf0       _dr_rwlock_create          71043cf0 f   instrument.c.obj
 0001:00042d50       _dr_rwlock_destroy         71043d50 f   instrument.c.obj
 0001:00042d70       _dr_rwlock_read_lock       71043d70 f   instrument.c.obj
 0001:00042d80       _dr_rwlock_read_unlock     71043d80 f   instrument.c.obj
 0001:00042d90       _dr_rwlock_self_owns_write_lock 71043d90 f   instrument.c.obj
 0001:00042da0       _dr_rwlock_write_lock      71043da0 f   instrument.c.obj
 0001:00042db0       _dr_rwlock_write_trylock   71043db0 f   instrument.c.obj
 0001:00042dc0       _dr_rwlock_write_unlock    71043dc0 f   instrument.c.obj
 0001:00042dd0       _dr_safe_read              71043dd0 f   instrument.c.obj
 0001:00042de0       _dr_safe_write             71043de0 f   instrument.c.obj
 0001:00042df0       _dr_save_arith_flags       71043df0 f   instrument.c.obj
 0001:00042e20       _dr_save_arith_flags_to_reg 71043e20 f   instrument.c.obj
 0001:00042ec0       _dr_save_arith_flags_to_xax 71043ec0 f   instrument.c.obj
 0001:00042ee0       _dr_save_reg               71043ee0 f   instrument.c.obj
 0001:00043030       _dr_set_client_name        71044030 f   instrument.c.obj
 0001:00043050       _dr_set_client_version_string 71044050 f   instrument.c.obj
 0001:00043070       _dr_set_mcontext           71044070 f   instrument.c.obj
 0001:00043110       _dr_set_process_exit_behavior 71044110 f   instrument.c.obj
 0001:00043170       _dr_set_random_seed        71044170 f   instrument.c.obj
 0001:00043180       _dr_set_tls_field          71044180 f   instrument.c.obj
 0001:000431a0       _dr_sleep                  710441a0 f   instrument.c.obj
 0001:00043220       _dr_standalone_exit        71044220 f   instrument.c.obj
 0001:00043230       _dr_standalone_init        71044230 f   instrument.c.obj
[...]
      653    _instrlist_get_translation_target
               exported name: instrlist_get_translation_target
      654    _instrlist_init
               exported name: instrlist_init
      655    _instrlist_insert_mov_immed_ptrsz
               exported name: instrlist_insert_mov_immed_ptrsz
      656    _instrlist_insert_mov_instr_addr
               exported name: instrlist_insert_mov_instr_addr
      657    _instrlist_insert_push_immed_ptrsz
               exported name: instrlist_insert_push_immed_ptrsz
      658    _instrlist_insert_push_instr_addr
               exported name: instrlist_insert_push_instr_addr
      659    _instrlist_last
               exported name: instrlist_last
      660    _instrlist_last_app
               exported name: instrlist_last_app
      661    _instrlist_meta_append
               exported name: instrlist_meta_append
      662    _instrlist_meta_fault_append
               exported name: instrlist_meta_fault_append
      663    _instrlist_meta_fault_postinsert
               exported name: instrlist_meta_fault_postinsert
      664    _instrlist_meta_fault_preinsert
               exported name: instrlist_meta_fault_preinsert
      665    _instrlist_meta_postinsert
               exported name: instrlist_meta_postinsert
      666    _instrlist_meta_preinsert
               exported name: instrlist_meta_preinsert
      667    _instrlist_postinsert
               exported name: instrlist_postinsert
      668    _instrlist_preinsert
               exported name: instrlist_preinsert
      669    _instrlist_prepend
               exported name: instrlist_prepend
      670    _instrlist_remove
               exported name: instrlist_remove
      671    _instrlist_replace
               exported name: instrlist_replace
      672    _instrlist_set_auto_predicate
               exported name: instrlist_set_auto_predicate
      673    _instrlist_set_fall_through_target
               exported name: instrlist_set_fall_through_target
      674    _instrlist_set_return_target
               exported name: instrlist_set_return_target
      675    _instrlist_set_translation_target
               exported name: instrlist_set_translation_target
      676    Forwarded to NTDLL.isalnum
               exported name: isalnum
      677    Forwarded to NTDLL.isalpha
               exported name: isalpha
      678    Forwarded to NTDLL.iscntrl
               exported name: iscntrl
      679    Forwarded to NTDLL.isdigit
               exported name: isdigit
      680    Forwarded to NTDLL.isgraph
               exported name: isgraph
      681    Forwarded to NTDLL.islower
               exported name: islower
      682    Forwarded to NTDLL.isprint
               exported name: isprint
      683    Forwarded to NTDLL.ispunct
               exported name: ispunct
      684    Forwarded to NTDLL.isspace
               exported name: isspace
      685    Forwarded to NTDLL.isupper
               exported name: isupper
      686    Forwarded to NTDLL.iswalpha
               exported name: iswalpha
      687    Forwarded to NTDLL.iswctype
               exported name: iswctype
      688    Forwarded to NTDLL.iswdigit
               exported name: iswdigit
      689    Forwarded to NTDLL.iswlower
               exported name: iswlower
      690    Forwarded to NTDLL.iswspace
               exported name: iswspace
      691    Forwarded to NTDLL.iswxdigit
               exported name: iswxdigit
      692    Forwarded to NTDLL.isxdigit
               exported name: isxdigit
      693    Forwarded to NTDLL.labs
               exported name: labs
      694    Forwarded to NTDLL.log
               exported name: log
      695    Forwarded to NTDLL.mbstowcs
               exported name: mbstowcs
      696    Forwarded to NTDLL.memchr
               exported name: memchr
      697    Forwarded to NTDLL.memcmp
               exported name: memcmp
      698    Forwarded to NTDLL.memcpy
               exported name: memcpy
      699    Forwarded to NTDLL.memmove
               exported name: memmove
      700    Forwarded to NTDLL.memset
               exported name: memset
      701    _opnd_add_flags
               exported name: opnd_add_flags
      702    _opnd_compute_address
               exported name: opnd_compute_address
      703    _opnd_create_abs_addr
               exported name: opnd_create_abs_addr
      704    _opnd_create_base_disp
               exported name: opnd_create_base_disp
      705    _opnd_create_base_disp_ex
               exported name: opnd_create_base_disp_ex
      706    _opnd_create_far_abs_addr
               exported name: opnd_create_far_abs_addr
      707    _opnd_create_far_base_disp
               exported name: opnd_create_far_base_disp
      708    _opnd_create_far_base_disp_ex
               exported name: opnd_create_far_base_disp_ex
      709    _opnd_create_far_instr
               exported name: opnd_create_far_instr
      710    _opnd_create_far_pc
               exported name: opnd_create_far_pc
      711    _opnd_create_immed_float
               exported name: opnd_create_immed_float
      712    _opnd_create_immed_int
               exported name: opnd_create_immed_int
      713    _opnd_create_immed_int64
               exported name: opnd_create_immed_int64
      714    _opnd_create_immed_uint
               exported name: opnd_create_immed_uint
      715    _opnd_create_increment_reg
               exported name: opnd_create_increment_reg
      716    _opnd_create_instr
               exported name: opnd_create_instr
      717    _opnd_create_instr_ex
               exported name: opnd_create_instr_ex
      718    _opnd_create_mem_instr
               exported name: opnd_create_mem_instr
      719    _opnd_create_null
               exported name: opnd_create_null
      720    _opnd_create_pc
               exported name: opnd_create_pc
      721    _opnd_create_reg
               exported name: opnd_create_reg
      722    _opnd_create_reg_element_vector
               exported name: opnd_create_reg_element_vector
      723    _opnd_create_reg_ex
               exported name: opnd_create_reg_ex
      724    _opnd_create_reg_partial
               exported name: opnd_create_reg_partial
      725    _opnd_defines_use
               exported name: opnd_defines_use
      726    _opnd_disassemble
               exported name: opnd_disassemble
      727    _opnd_disassemble_to_buffer
               exported name: opnd_disassemble_to_buffer
      728    _opnd_get_addr
               exported name: opnd_get_addr
      729    _opnd_get_base
               exported name: opnd_get_base
      730    _opnd_get_disp
               exported name: opnd_get_disp
      731    _opnd_get_flags
               exported name: opnd_get_flags
      732    _opnd_get_immed_float
               exported name: opnd_get_immed_float
      733    _opnd_get_immed_int
               exported name: opnd_get_immed_int
      734    _opnd_get_immed_int64
               exported name: opnd_get_immed_int64
      735    _opnd_get_index
               exported name: opnd_get_index
      736    _opnd_get_instr
               exported name: opnd_get_instr
      737    _opnd_get_mem_instr_disp
               exported name: opnd_get_mem_instr_disp
      738    _opnd_get_pc
               exported name: opnd_get_pc
      739    _opnd_get_reg
               exported name: opnd_get_reg
      740    _opnd_get_reg_used
               exported name: opnd_get_reg_used
      741    _opnd_get_scale
               exported name: opnd_get_scale
      742    _opnd_get_segment
               exported name: opnd_get_segment
      743    _opnd_get_segment_selector
               exported name: opnd_get_segment_selector
      744    _opnd_get_shift
               exported name: opnd_get_shift
      745    _opnd_get_size
               exported name: opnd_get_size
      746    _opnd_get_vector_element_size
               exported name: opnd_get_vector_element_size
      747    _opnd_invert_immed_int
               exported name: opnd_invert_immed_int
      748    _opnd_is_abs_addr
               exported name: opnd_is_abs_addr
      749    _opnd_is_base_disp
               exported name: opnd_is_base_disp
      750    _opnd_is_disp_encode_zero
               exported name: opnd_is_disp_encode_zero
      751    _opnd_is_disp_force_full
               exported name: opnd_is_disp_force_full
      752    _opnd_is_disp_short_addr
               exported name: opnd_is_disp_short_addr
      753    _opnd_is_element_vector_reg
               exported name: opnd_is_element_vector_reg
      754    _opnd_is_far_abs_addr
               exported name: opnd_is_far_abs_addr
      755    _opnd_is_far_base_disp
               exported name: opnd_is_far_base_disp
      756    _opnd_is_far_instr
               exported name: opnd_is_far_instr
      757    _opnd_is_far_memory_reference
               exported name: opnd_is_far_memory_reference
      758    _opnd_is_far_pc
               exported name: opnd_is_far_pc
      759    _opnd_is_immed
               exported name: opnd_is_immed
      760    _opnd_is_immed_float
               exported name: opnd_is_immed_float
      761    _opnd_is_immed_int
               exported name: opnd_is_immed_int
      762    _opnd_is_immed_int64
               exported name: opnd_is_immed_int64
      763    _opnd_is_instr
               exported name: opnd_is_instr
      764    _opnd_is_mem_instr
               exported name: opnd_is_mem_instr
      765    _opnd_is_memory_reference
               exported name: opnd_is_memory_reference
      766    _opnd_is_near_abs_addr
               exported name: opnd_is_near_abs_addr
      767    _opnd_is_near_base_disp
               exported name: opnd_is_near_base_disp
      768    _opnd_is_near_instr
               exported name: opnd_is_near_instr
      769    _opnd_is_near_memory_reference
               exported name: opnd_is_near_memory_reference
      770    _opnd_is_near_pc
               exported name: opnd_is_near_pc
      771    _opnd_is_null
               exported name: opnd_is_null
      772    _opnd_is_pc
               exported name: opnd_is_pc
      773    _opnd_is_predicate_merge
               exported name: opnd_is_predicate_merge
      774    _opnd_is_predicate_reg
               exported name: opnd_is_predicate_reg
      775    _opnd_is_predicate_zero
               exported name: opnd_is_predicate_zero
      776    _opnd_is_reg
               exported name: opnd_is_reg
      777    _opnd_is_reg_32bit
               exported name: opnd_is_reg_32bit
      778    _opnd_is_reg_64bit
               exported name: opnd_is_reg_64bit
      779    _opnd_is_reg_partial
               exported name: opnd_is_reg_partial
      780    _opnd_is_reg_pointer_sized
               exported name: opnd_is_reg_pointer_sized
      781    _opnd_is_vsib
               exported name: opnd_is_vsib
      782    _opnd_num_regs_used
               exported name: opnd_num_regs_used
      783    _opnd_replace_reg
               exported name: opnd_replace_reg
      784    _opnd_replace_reg_resize
               exported name: opnd_replace_reg_resize
      785    _opnd_same
               exported name: opnd_same
      786    _opnd_same_address
               exported name: opnd_same_address
      787    _opnd_set_disp
               exported name: opnd_set_disp
      788    _opnd_set_disp_ex
               exported name: opnd_set_disp_ex
      789    _opnd_set_flags
               exported name: opnd_set_flags
      790    _opnd_set_size
               exported name: opnd_set_size
      791    _opnd_share_reg
               exported name: opnd_share_reg
      792    _opnd_shrink_to_16_bits
               exported name: opnd_shrink_to_16_bits
      793    _opnd_size_from_bytes
               exported name: opnd_size_from_bytes
      794    _opnd_size_in_bits
               exported name: opnd_size_in_bits
      795    _opnd_size_in_bytes
               exported name: opnd_size_in_bytes
      796    _opnd_uses_reg
               exported name: opnd_uses_reg
      797    Forwarded to NTDLL.pow
               exported name: pow
      798    _proc_avx512_enabled
               exported name: proc_avx512_enabled
      799    _proc_avx_enabled
               exported name: proc_avx_enabled
      800    _proc_bump_to_end_of_cache_line
               exported name: proc_bump_to_end_of_cache_line
      801    _proc_fpstate_save_size
               exported name: proc_fpstate_save_size
      802    _proc_get_L1_dcache_size
               exported name: proc_get_L1_dcache_size
      803    _proc_get_L1_icache_size
               exported name: proc_get_L1_icache_size
      804    _proc_get_L2_cache_size
               exported name: proc_get_L2_cache_size
      805    _proc_get_all_feature_bits
               exported name: proc_get_all_feature_bits
      806    _proc_get_brand_string
               exported name: proc_get_brand_string
      807    _proc_get_cache_line_size
               exported name: proc_get_cache_line_size
      808    _proc_get_cache_size_str
               exported name: proc_get_cache_size_str
      809    _proc_get_containing_page
               exported name: proc_get_containing_page
      810    _proc_get_family
               exported name: proc_get_family
      811    _proc_get_model
               exported name: proc_get_model
      812    _proc_get_stepping
               exported name: proc_get_stepping
      813    _proc_get_type
               exported name: proc_get_type
      814    _proc_get_vendor
               exported name: proc_get_vendor
      815    _proc_has_feature
               exported name: proc_has_feature
      816    _proc_is_cache_aligned
               exported name: proc_is_cache_aligned
      817    _proc_num_opmask_registers
               exported name: proc_num_opmask_registers
      818    _proc_num_simd_registers
               exported name: proc_num_simd_registers
      819    _proc_num_simd_saved
               exported name: proc_num_simd_saved
      820    _proc_restore_fpstate
               exported name: proc_restore_fpstate
      821    _proc_save_fpstate
               exported name: proc_save_fpstate
      822    _proc_set_vendor
               exported name: proc_set_vendor
      823    Forwarded to NTDLL.qsort
               exported name: qsort
      824    _reg_32_to_16
               exported name: reg_32_to_16
      825    _reg_32_to_8
               exported name: reg_32_to_8
      826    _reg_32_to_opsz
               exported name: reg_32_to_opsz
      827    _reg_get_bits
               exported name: reg_get_bits
      828    _reg_get_size
               exported name: reg_get_size
      829    _reg_get_value
               exported name: reg_get_value
      830    _reg_get_value_ex
               exported name: reg_get_value_ex
      831    _reg_is_32bit
               exported name: reg_is_32bit
      832    _reg_is_64bit
               exported name: reg_is_64bit
      833    _reg_is_bnd
               exported name: reg_is_bnd
      834    _reg_is_fp
               exported name: reg_is_fp
      835    _reg_is_gpr
               exported name: reg_is_gpr
      836    _reg_is_mmx
               exported name: reg_is_mmx
      837    _reg_is_opmask
               exported name: reg_is_opmask
      838    _reg_is_pointer_sized
               exported name: reg_is_pointer_sized
      839    _reg_is_segment
               exported name: reg_is_segment
      840    _reg_is_simd
               exported name: reg_is_simd
      841    _reg_is_stolen
               exported name: reg_is_stolen
      842    _reg_is_strictly_xmm
               exported name: reg_is_strictly_xmm
      843    _reg_is_strictly_ymm
               exported name: reg_is_strictly_ymm
      844    _reg_is_strictly_zmm
               exported name: reg_is_strictly_zmm
      845    _reg_is_vector_simd
               exported name: reg_is_vector_simd
      846    _reg_is_xmm
               exported name: reg_is_xmm
      847    _reg_is_ymm
               exported name: reg_is_ymm
      848    _reg_overlap
               exported name: reg_overlap
      849    _reg_parameter_num
               exported name: reg_parameter_num
      850    _reg_resize_to_opsz
               exported name: reg_resize_to_opsz
      851    _reg_set_value
               exported name: reg_set_value
      852    _reg_set_value_ex
               exported name: reg_set_value_ex
      853    _reg_to_pointer_sized
               exported name: reg_to_pointer_sized
      854    Forwarded to NTDLL.sin
               exported name: sin
      855    Forwarded to NTDLL.sqrt
               exported name: sqrt
      856    Forwarded to NTDLL.strchr
               exported name: strchr
      857    Forwarded to NTDLL.strcmp
               exported name: strcmp
      858    Forwarded to NTDLL.strcspn
               exported name: strcspn
      859    Forwarded to NTDLL.strlen
               exported name: strlen
      860    Forwarded to NTDLL.strncat
               exported name: strncat
      861    Forwarded to NTDLL.strncmp
               exported name: strncmp
      862    Forwarded to NTDLL.strncpy
               exported name: strncpy
      863    Forwarded to NTDLL.strpbrk
               exported name: strpbrk
      864    Forwarded to NTDLL.strrchr
               exported name: strrchr
      865    Forwarded to NTDLL.strspn
               exported name: strspn
      866    Forwarded to NTDLL.strstr
               exported name: strstr
      867    Forwarded to NTDLL.strtol
               exported name: strtol
      868    Forwarded to NTDLL.strtoul
               exported name: strtoul
      869    Forwarded to NTDLL.tan
               exported name: tan
      870    Forwarded to NTDLL.tolower
               exported name: tolower
      871    Forwarded to NTDLL.toupper
               exported name: toupper
      872    Forwarded to NTDLL.towlower
               exported name: towlower
      873    Forwarded to NTDLL.towupper
               exported name: towupper
      874    _unique_build_number
               exported name: unique_build_number
      875    Forwarded to NTDLL.wcscat
               exported name: wcscat
      876    Forwarded to NTDLL.wcschr
               exported name: wcschr
      877    Forwarded to NTDLL.wcscmp
               exported name: wcscmp
      878    Forwarded to NTDLL.wcscpy
               exported name: wcscpy
      879    Forwarded to NTDLL.wcscspn
               exported name: wcscspn
      880    Forwarded to NTDLL.wcslen
               exported name: wcslen
      881    Forwarded to NTDLL.wcsncat
               exported name: wcsncat
      882    Forwarded to NTDLL.wcsncmp
               exported name: wcsncmp
      883    Forwarded to NTDLL.wcsncpy
               exported name: wcsncpy
      884    Forwarded to NTDLL.wcspbrk
               exported name: wcspbrk
      885    Forwarded to NTDLL.wcsrchr
               exported name: wcsrchr
      886    Forwarded to NTDLL.wcsspn
               exported name: wcsspn
      887    Forwarded to NTDLL.wcsstr
               exported name: wcsstr
      888    Forwarded to NTDLL.wcstol
               exported name: wcstol
      889    Forwarded to NTDLL.wcstombs
               exported name: wcstombs
      890    Forwarded to NTDLL.wcstoul
               exported name: wcstoul
